[debug] [2025-07-24T05:51:48.269Z] ----------------------------------------------------------------------
[debug] [2025-07-24T05:51:48.272Z] Command:       C:\Program Files\nodejs\node.exe C:\Users\nssbit\AppData\Roaming\npm\node_modules\firebase-tools\lib\bin\firebase.js deploy --only functions
[debug] [2025-07-24T05:51:48.272Z] CLI Version:   14.11.1
[debug] [2025-07-24T05:51:48.272Z] Platform:      win32
[debug] [2025-07-24T05:51:48.272Z] Node Version:  v22.17.0
[debug] [2025-07-24T05:51:48.272Z] Time:          Thu Jul 24 2025 13:51:48 GMT+0800 (Malaysia Time)
[debug] [2025-07-24T05:51:48.272Z] ----------------------------------------------------------------------
[debug] 
[debug] [2025-07-24T05:51:48.420Z] > command requires scopes: ["email","openid","https://www.googleapis.com/auth/cloudplatformprojects.readonly","https://www.googleapis.com/auth/firebase","https://www.googleapis.com/auth/cloud-platform"]
[debug] [2025-07-24T05:51:48.420Z] > authorizing via signed-in user (namicohsuria18@gmail.com)
[debug] [2025-07-24T05:51:48.421Z] [iam] checking project test-login2-e4c7f for permissions ["cloudfunctions.functions.create","cloudfunctions.functions.delete","cloudfunctions.functions.get","cloudfunctions.functions.list","cloudfunctions.functions.update","cloudfunctions.operations.get","firebase.projects.get"]
[debug] [2025-07-24T05:51:48.421Z] Checked if tokens are valid: false, expires at: 1753332871797
[debug] [2025-07-24T05:51:48.421Z] Checked if tokens are valid: false, expires at: 1753332871797
[debug] [2025-07-24T05:51:48.422Z] > refreshing access token with scopes: []
[debug] [2025-07-24T05:51:48.423Z] >>> [apiv2][query] POST https://www.googleapis.com/oauth2/v3/token [none]
[debug] [2025-07-24T05:51:48.423Z] >>> [apiv2][body] POST https://www.googleapis.com/oauth2/v3/token [omitted]
[debug] [2025-07-24T05:51:48.591Z] <<< [apiv2][status] POST https://www.googleapis.com/oauth2/v3/token 200
[debug] [2025-07-24T05:51:48.591Z] <<< [apiv2][body] POST https://www.googleapis.com/oauth2/v3/token [omitted]
[debug] [2025-07-24T05:51:48.610Z] >>> [apiv2][query] POST https://cloudresourcemanager.googleapis.com/v1/projects/test-login2-e4c7f:testIamPermissions [none]
[debug] [2025-07-24T05:51:48.610Z] >>> [apiv2][(partial)header] POST https://cloudresourcemanager.googleapis.com/v1/projects/test-login2-e4c7f:testIamPermissions x-goog-quota-user=projects/test-login2-e4c7f
[debug] [2025-07-24T05:51:48.610Z] >>> [apiv2][body] POST https://cloudresourcemanager.googleapis.com/v1/projects/test-login2-e4c7f:testIamPermissions {"permissions":["cloudfunctions.functions.create","cloudfunctions.functions.delete","cloudfunctions.functions.get","cloudfunctions.functions.list","cloudfunctions.functions.update","cloudfunctions.operations.get","firebase.projects.get"]}
[debug] [2025-07-24T05:51:49.733Z] <<< [apiv2][status] POST https://cloudresourcemanager.googleapis.com/v1/projects/test-login2-e4c7f:testIamPermissions 200
[debug] [2025-07-24T05:51:49.733Z] <<< [apiv2][body] POST https://cloudresourcemanager.googleapis.com/v1/projects/test-login2-e4c7f:testIamPermissions {"permissions":["cloudfunctions.functions.create","cloudfunctions.functions.delete","cloudfunctions.functions.get","cloudfunctions.functions.list","cloudfunctions.functions.update","cloudfunctions.operations.get","firebase.projects.get"]}
[debug] [2025-07-24T05:51:49.733Z] Checked if tokens are valid: true, expires at: 1753339907591
[debug] [2025-07-24T05:51:49.733Z] Checked if tokens are valid: true, expires at: 1753339907591
[debug] [2025-07-24T05:51:49.734Z] >>> [apiv2][query] POST https://iam.googleapis.com/v1/projects/test-login2-e4c7f/serviceAccounts/test-login2-e4c7f@appspot.gserviceaccount.com:testIamPermissions [none]
[debug] [2025-07-24T05:51:49.734Z] >>> [apiv2][body] POST https://iam.googleapis.com/v1/projects/test-login2-e4c7f/serviceAccounts/test-login2-e4c7f@appspot.gserviceaccount.com:testIamPermissions {"permissions":["iam.serviceAccounts.actAs"]}
[debug] [2025-07-24T05:51:51.138Z] <<< [apiv2][status] POST https://iam.googleapis.com/v1/projects/test-login2-e4c7f/serviceAccounts/test-login2-e4c7f@appspot.gserviceaccount.com:testIamPermissions 200
[debug] [2025-07-24T05:51:51.139Z] <<< [apiv2][body] POST https://iam.googleapis.com/v1/projects/test-login2-e4c7f/serviceAccounts/test-login2-e4c7f@appspot.gserviceaccount.com:testIamPermissions {"permissions":["iam.serviceAccounts.actAs"]}
[info] 
[info] === Deploying to 'test-login2-e4c7f'...
[info] 
[info] i  deploying functions 
[debug] [2025-07-24T05:51:51.149Z] Checked if tokens are valid: true, expires at: 1753339907591
[debug] [2025-07-24T05:51:51.149Z] Checked if tokens are valid: true, expires at: 1753339907591
[debug] [2025-07-24T05:51:51.149Z] >>> [apiv2][query] GET https://serviceusage.googleapis.com/v1/projects/test-login2-e4c7f/services/cloudresourcemanager.googleapis.com [none]
[debug] [2025-07-24T05:51:51.149Z] >>> [apiv2][(partial)header] GET https://serviceusage.googleapis.com/v1/projects/test-login2-e4c7f/services/cloudresourcemanager.googleapis.com x-goog-quota-user=projects/test-login2-e4c7f
[debug] [2025-07-24T05:51:53.346Z] <<< [apiv2][status] GET https://serviceusage.googleapis.com/v1/projects/test-login2-e4c7f/services/cloudresourcemanager.googleapis.com 200
[debug] [2025-07-24T05:51:53.346Z] <<< [apiv2][body] GET https://serviceusage.googleapis.com/v1/projects/test-login2-e4c7f/services/cloudresourcemanager.googleapis.com [omitted]
[debug] [2025-07-24T05:51:53.366Z] Checked if tokens are valid: true, expires at: 1753339907591
[debug] [2025-07-24T05:51:53.366Z] Checked if tokens are valid: true, expires at: 1753339907591
[debug] [2025-07-24T05:51:53.366Z] >>> [apiv2][query] GET https://cloudresourcemanager.googleapis.com/v1/projects/test-login2-e4c7f [none]
[debug] [2025-07-24T05:51:53.649Z] <<< [apiv2][status] GET https://cloudresourcemanager.googleapis.com/v1/projects/test-login2-e4c7f 200
[debug] [2025-07-24T05:51:53.649Z] <<< [apiv2][body] GET https://cloudresourcemanager.googleapis.com/v1/projects/test-login2-e4c7f {"projectNumber":"698181575885","projectId":"test-login2-e4c7f","lifecycleState":"ACTIVE","name":"nssbapp","labels":{"firebase":"enabled"},"createTime":"2024-09-12T01:36:25.455551Z"}
[info] i  functions: preparing codebase default for deployment 
[info] i  functions: ensuring required API cloudfunctions.googleapis.com is enabled... 
[info] i  functions: ensuring required API cloudbuild.googleapis.com is enabled... 
[debug] [2025-07-24T05:51:53.654Z] Checked if tokens are valid: true, expires at: 1753339907591
[debug] [2025-07-24T05:51:53.654Z] Checked if tokens are valid: true, expires at: 1753339907591
[info] i  artifactregistry: ensuring required API artifactregistry.googleapis.com is enabled... 
[debug] [2025-07-24T05:51:53.655Z] Checked if tokens are valid: true, expires at: 1753339907591
[debug] [2025-07-24T05:51:53.655Z] Checked if tokens are valid: true, expires at: 1753339907591
[debug] [2025-07-24T05:51:53.655Z] >>> [apiv2][query] GET https://serviceusage.googleapis.com/v1/projects/test-login2-e4c7f/services/cloudbuild.googleapis.com [none]
[debug] [2025-07-24T05:51:53.655Z] >>> [apiv2][(partial)header] GET https://serviceusage.googleapis.com/v1/projects/test-login2-e4c7f/services/cloudbuild.googleapis.com x-goog-quota-user=projects/test-login2-e4c7f
[debug] [2025-07-24T05:51:53.656Z] >>> [apiv2][query] GET https://serviceusage.googleapis.com/v1/projects/test-login2-e4c7f/services/artifactregistry.googleapis.com [none]
[debug] [2025-07-24T05:51:53.656Z] >>> [apiv2][(partial)header] GET https://serviceusage.googleapis.com/v1/projects/test-login2-e4c7f/services/artifactregistry.googleapis.com x-goog-quota-user=projects/test-login2-e4c7f
[debug] [2025-07-24T05:51:54.189Z] <<< [apiv2][status] GET https://serviceusage.googleapis.com/v1/projects/test-login2-e4c7f/services/cloudbuild.googleapis.com 200
[debug] [2025-07-24T05:51:54.189Z] <<< [apiv2][body] GET https://serviceusage.googleapis.com/v1/projects/test-login2-e4c7f/services/cloudbuild.googleapis.com [omitted]
[info] +  functions: required API cloudbuild.googleapis.com is enabled 
[debug] [2025-07-24T05:51:55.095Z] <<< [apiv2][status] GET https://serviceusage.googleapis.com/v1/projects/test-login2-e4c7f/services/artifactregistry.googleapis.com 200
[debug] [2025-07-24T05:51:55.095Z] <<< [apiv2][body] GET https://serviceusage.googleapis.com/v1/projects/test-login2-e4c7f/services/artifactregistry.googleapis.com [omitted]
[info] +  artifactregistry: required API artifactregistry.googleapis.com is enabled 
[debug] [2025-07-24T05:51:55.117Z] Checked if tokens are valid: true, expires at: 1753339907591
[debug] [2025-07-24T05:51:55.117Z] Checked if tokens are valid: true, expires at: 1753339907591
[debug] [2025-07-24T05:51:55.117Z] >>> [apiv2][query] GET https://firebase.googleapis.com/v1beta1/projects/test-login2-e4c7f/adminSdkConfig [none]
[debug] [2025-07-24T05:51:55.710Z] <<< [apiv2][status] GET https://firebase.googleapis.com/v1beta1/projects/test-login2-e4c7f/adminSdkConfig 200
[debug] [2025-07-24T05:51:55.710Z] <<< [apiv2][body] GET https://firebase.googleapis.com/v1beta1/projects/test-login2-e4c7f/adminSdkConfig {"projectId":"test-login2-e4c7f","databaseURL":"https://test-login2-e4c7f-default-rtdb.firebaseio.com","storageBucket":"test-login2-e4c7f.firebasestorage.app"}
[debug] [2025-07-24T05:51:55.711Z] Checked if tokens are valid: true, expires at: 1753339907591
[debug] [2025-07-24T05:51:55.711Z] Checked if tokens are valid: true, expires at: 1753339907591
[debug] [2025-07-24T05:51:55.711Z] >>> [apiv2][query] GET https://runtimeconfig.googleapis.com/v1beta1/projects/test-login2-e4c7f/configs [none]
[debug] [2025-07-24T05:51:56.173Z] <<< [apiv2][status] GET https://runtimeconfig.googleapis.com/v1beta1/projects/test-login2-e4c7f/configs 200
[debug] [2025-07-24T05:51:56.173Z] <<< [apiv2][body] GET https://runtimeconfig.googleapis.com/v1beta1/projects/test-login2-e4c7f/configs {}
[debug] [2025-07-24T05:51:56.176Z] Validating nodejs source
[debug] [2025-07-24T05:51:57.577Z] > [functions] package.json contents: {
  "name": "functions",
  "description": "Cloud Functions for Firebase",
  "scripts": {
    "serve": "firebase emulators:start --only functions",
    "shell": "firebase functions:shell",
    "start": "npm run shell",
    "deploy": "firebase deploy --only functions",
    "logs": "firebase functions:log"
  },
  "engines": {
    "node": "22"
  },
  "main": "index.js",
  "dependencies": {
    "firebase-admin": "^12.6.0",
    "firebase-functions": "^6.0.1"
  },
  "devDependencies": {
    "firebase-functions-test": "^3.1.0"
  },
  "private": true
}
[debug] [2025-07-24T05:51:57.577Z] Building nodejs source
[info] i  functions: Loading and analyzing source code for codebase default to determine what to deploy 
[debug] [2025-07-24T05:51:57.579Z] Could not find functions.yaml. Must use http discovery
[debug] [2025-07-24T05:51:57.591Z] Found firebase-functions binary at 'C:\Users\nssbit\Desktop\nssb ordering system_v2_new_firebase\nssb ordering system_v2_new_firebase\functions\node_modules\.bin\firebase-functions'
[info] Serving at port 8266

[debug] [2025-07-24T05:51:59.179Z] Got response from /__/functions.yaml {"endpoints":{"sendGrievanceEmail":{"availableMemoryMb":null,"timeoutSeconds":null,"minInstances":null,"maxInstances":10,"ingressSettings":null,"concurrency":null,"serviceAccountEmail":null,"vpc":null,"platform":"gcfv2","labels":{},"httpsTrigger":{},"entryPoint":"sendGrievanceEmail"}},"specVersion":"v1alpha1","requiredAPIs":[],"extensions":{}}
[info] i  extensions: ensuring required API firebaseextensions.googleapis.com is enabled... 
[debug] [2025-07-24T05:52:03.218Z] Checked if tokens are valid: true, expires at: 1753339907591
[debug] [2025-07-24T05:52:03.218Z] Checked if tokens are valid: true, expires at: 1753339907591
[debug] [2025-07-24T05:52:03.219Z] >>> [apiv2][query] GET https://serviceusage.googleapis.com/v1/projects/test-login2-e4c7f/services/firebaseextensions.googleapis.com [none]
[debug] [2025-07-24T05:52:03.219Z] >>> [apiv2][(partial)header] GET https://serviceusage.googleapis.com/v1/projects/test-login2-e4c7f/services/firebaseextensions.googleapis.com x-goog-quota-user=projects/test-login2-e4c7f
[debug] [2025-07-24T05:52:04.622Z] <<< [apiv2][status] GET https://serviceusage.googleapis.com/v1/projects/test-login2-e4c7f/services/firebaseextensions.googleapis.com 200
[debug] [2025-07-24T05:52:04.622Z] <<< [apiv2][body] GET https://serviceusage.googleapis.com/v1/projects/test-login2-e4c7f/services/firebaseextensions.googleapis.com [omitted]
[info] +  extensions: required API firebaseextensions.googleapis.com is enabled 
[debug] [2025-07-24T05:52:04.640Z] > command requires scopes: ["email","openid","https://www.googleapis.com/auth/cloudplatformprojects.readonly","https://www.googleapis.com/auth/firebase","https://www.googleapis.com/auth/cloud-platform"]
[debug] [2025-07-24T05:52:04.640Z] > authorizing via signed-in user (namicohsuria18@gmail.com)
[debug] [2025-07-24T05:52:04.640Z] [iam] checking project test-login2-e4c7f for permissions ["firebase.projects.get","firebaseextensions.instances.list"]
[debug] [2025-07-24T05:52:04.641Z] Checked if tokens are valid: true, expires at: 1753339907591
[debug] [2025-07-24T05:52:04.641Z] Checked if tokens are valid: true, expires at: 1753339907591
[debug] [2025-07-24T05:52:04.641Z] >>> [apiv2][query] POST https://cloudresourcemanager.googleapis.com/v1/projects/test-login2-e4c7f:testIamPermissions [none]
[debug] [2025-07-24T05:52:04.641Z] >>> [apiv2][(partial)header] POST https://cloudresourcemanager.googleapis.com/v1/projects/test-login2-e4c7f:testIamPermissions x-goog-quota-user=projects/test-login2-e4c7f
[debug] [2025-07-24T05:52:04.641Z] >>> [apiv2][body] POST https://cloudresourcemanager.googleapis.com/v1/projects/test-login2-e4c7f:testIamPermissions {"permissions":["firebase.projects.get","firebaseextensions.instances.list"]}
[debug] [2025-07-24T05:52:05.712Z] <<< [apiv2][status] POST https://cloudresourcemanager.googleapis.com/v1/projects/test-login2-e4c7f:testIamPermissions 200
[debug] [2025-07-24T05:52:05.713Z] <<< [apiv2][body] POST https://cloudresourcemanager.googleapis.com/v1/projects/test-login2-e4c7f:testIamPermissions {"permissions":["firebase.projects.get","firebaseextensions.instances.list"]}
[debug] [2025-07-24T05:52:05.713Z] Checked if tokens are valid: true, expires at: 1753339907591
[debug] [2025-07-24T05:52:05.713Z] Checked if tokens are valid: true, expires at: 1753339907591
[debug] [2025-07-24T05:52:05.713Z] >>> [apiv2][query] GET https://firebaseextensions.googleapis.com/v1beta/projects/test-login2-e4c7f/instances pageSize=100&pageToken=
[debug] [2025-07-24T05:52:07.003Z] <<< [apiv2][status] GET https://firebaseextensions.googleapis.com/v1beta/projects/test-login2-e4c7f/instances 200
[debug] [2025-07-24T05:52:07.003Z] <<< [apiv2][body] GET https://firebaseextensions.googleapis.com/v1beta/projects/test-login2-e4c7f/instances {}
[info] i  functions: preparing functions directory for uploading... 
[info] i  functions: packaged C:\Users\nssbit\Desktop\nssb ordering system_v2_new_firebase\nssb ordering system_v2_new_firebase\functions (68.16 KB) for uploading 
[debug] [2025-07-24T05:52:07.140Z] Checked if tokens are valid: true, expires at: 1753339907591
[debug] [2025-07-24T05:52:07.141Z] Checked if tokens are valid: true, expires at: 1753339907591
[debug] [2025-07-24T05:52:07.141Z] >>> [apiv2][query] GET https://cloudfunctions.googleapis.com/v1/projects/test-login2-e4c7f/locations/-/functions [none]
[debug] [2025-07-24T05:52:08.044Z] <<< [apiv2][status] GET https://cloudfunctions.googleapis.com/v1/projects/test-login2-e4c7f/locations/-/functions 200
[debug] [2025-07-24T05:52:08.044Z] <<< [apiv2][body] GET https://cloudfunctions.googleapis.com/v1/projects/test-login2-e4c7f/locations/-/functions {}
[debug] [2025-07-24T05:52:08.044Z] Checked if tokens are valid: true, expires at: 1753339907591
[debug] [2025-07-24T05:52:08.044Z] Checked if tokens are valid: true, expires at: 1753339907591
[debug] [2025-07-24T05:52:08.044Z] >>> [apiv2][query] GET https://cloudfunctions.googleapis.com/v2/projects/test-login2-e4c7f/locations/-/functions filter=environment%3D%22GEN_2%22
[debug] [2025-07-24T05:52:09.681Z] <<< [apiv2][status] GET https://cloudfunctions.googleapis.com/v2/projects/test-login2-e4c7f/locations/-/functions 200
[debug] [2025-07-24T05:52:09.682Z] <<< [apiv2][body] GET https://cloudfunctions.googleapis.com/v2/projects/test-login2-e4c7f/locations/-/functions {}
[info] i  functions: ensuring required API run.googleapis.com is enabled... 
[debug] [2025-07-24T05:52:09.688Z] Checked if tokens are valid: true, expires at: 1753339907591
[debug] [2025-07-24T05:52:09.688Z] Checked if tokens are valid: true, expires at: 1753339907591
[info] i  functions: ensuring required API eventarc.googleapis.com is enabled... 
[debug] [2025-07-24T05:52:09.689Z] Checked if tokens are valid: true, expires at: 1753339907591
[debug] [2025-07-24T05:52:09.689Z] Checked if tokens are valid: true, expires at: 1753339907591
[info] i  functions: ensuring required API pubsub.googleapis.com is enabled... 
[debug] [2025-07-24T05:52:09.690Z] Checked if tokens are valid: true, expires at: 1753339907591
[debug] [2025-07-24T05:52:09.690Z] Checked if tokens are valid: true, expires at: 1753339907591
[info] i  functions: ensuring required API storage.googleapis.com is enabled... 
[debug] [2025-07-24T05:52:09.690Z] Checked if tokens are valid: true, expires at: 1753339907591
[debug] [2025-07-24T05:52:09.691Z] Checked if tokens are valid: true, expires at: 1753339907591
[debug] [2025-07-24T05:52:09.691Z] >>> [apiv2][query] GET https://serviceusage.googleapis.com/v1/projects/698181575885/services/run.googleapis.com [none]
[debug] [2025-07-24T05:52:09.691Z] >>> [apiv2][(partial)header] GET https://serviceusage.googleapis.com/v1/projects/698181575885/services/run.googleapis.com x-goog-quota-user=projects/698181575885
[debug] [2025-07-24T05:52:09.692Z] >>> [apiv2][query] GET https://serviceusage.googleapis.com/v1/projects/698181575885/services/eventarc.googleapis.com [none]
[debug] [2025-07-24T05:52:09.692Z] >>> [apiv2][(partial)header] GET https://serviceusage.googleapis.com/v1/projects/698181575885/services/eventarc.googleapis.com x-goog-quota-user=projects/698181575885
[debug] [2025-07-24T05:52:09.693Z] >>> [apiv2][query] GET https://serviceusage.googleapis.com/v1/projects/698181575885/services/pubsub.googleapis.com [none]
[debug] [2025-07-24T05:52:09.693Z] >>> [apiv2][(partial)header] GET https://serviceusage.googleapis.com/v1/projects/698181575885/services/pubsub.googleapis.com x-goog-quota-user=projects/698181575885
[debug] [2025-07-24T05:52:09.693Z] >>> [apiv2][query] GET https://serviceusage.googleapis.com/v1/projects/698181575885/services/storage.googleapis.com [none]
[debug] [2025-07-24T05:52:09.694Z] >>> [apiv2][(partial)header] GET https://serviceusage.googleapis.com/v1/projects/698181575885/services/storage.googleapis.com x-goog-quota-user=projects/698181575885
[debug] [2025-07-24T05:52:11.439Z] <<< [apiv2][status] GET https://serviceusage.googleapis.com/v1/projects/698181575885/services/storage.googleapis.com 200
[debug] [2025-07-24T05:52:11.439Z] <<< [apiv2][body] GET https://serviceusage.googleapis.com/v1/projects/698181575885/services/storage.googleapis.com [omitted]
[info] +  functions: required API storage.googleapis.com is enabled 
[debug] [2025-07-24T05:52:11.464Z] <<< [apiv2][status] GET https://serviceusage.googleapis.com/v1/projects/698181575885/services/eventarc.googleapis.com 200
[debug] [2025-07-24T05:52:11.464Z] <<< [apiv2][body] GET https://serviceusage.googleapis.com/v1/projects/698181575885/services/eventarc.googleapis.com [omitted]
[warn] !  functions: missing required API eventarc.googleapis.com. Enabling now... 
[debug] [2025-07-24T05:52:11.465Z] Checked if tokens are valid: true, expires at: 1753339907591
[debug] [2025-07-24T05:52:11.465Z] Checked if tokens are valid: true, expires at: 1753339907591
[debug] [2025-07-24T05:52:11.465Z] >>> [apiv2][query] POST https://serviceusage.googleapis.com/v1/projects/698181575885/services/eventarc.googleapis.com:enable [none]
[debug] [2025-07-24T05:52:11.465Z] >>> [apiv2][(partial)header] POST https://serviceusage.googleapis.com/v1/projects/698181575885/services/eventarc.googleapis.com:enable x-goog-quota-user=projects/698181575885
[debug] [2025-07-24T05:52:11.470Z] <<< [apiv2][status] GET https://serviceusage.googleapis.com/v1/projects/698181575885/services/run.googleapis.com 200
[debug] [2025-07-24T05:52:11.470Z] <<< [apiv2][body] GET https://serviceusage.googleapis.com/v1/projects/698181575885/services/run.googleapis.com [omitted]
[info] +  functions: required API run.googleapis.com is enabled 
[debug] [2025-07-24T05:52:11.489Z] <<< [apiv2][status] GET https://serviceusage.googleapis.com/v1/projects/698181575885/services/pubsub.googleapis.com 200
[debug] [2025-07-24T05:52:11.489Z] <<< [apiv2][body] GET https://serviceusage.googleapis.com/v1/projects/698181575885/services/pubsub.googleapis.com [omitted]
[info] +  functions: required API pubsub.googleapis.com is enabled 
[debug] [2025-07-24T05:52:11.955Z] <<< [apiv2][status] POST https://serviceusage.googleapis.com/v1/projects/698181575885/services/eventarc.googleapis.com:enable 200
[debug] [2025-07-24T05:52:11.955Z] <<< [apiv2][body] POST https://serviceusage.googleapis.com/v1/projects/698181575885/services/eventarc.googleapis.com:enable [omitted]
[info] i  functions: generating the service identity for pubsub.googleapis.com... 
[debug] [2025-07-24T05:52:21.978Z] Checked if tokens are valid: true, expires at: 1753339907591
[debug] [2025-07-24T05:52:21.979Z] Checked if tokens are valid: true, expires at: 1753339907591
[info] i  functions: generating the service identity for eventarc.googleapis.com... 
[debug] [2025-07-24T05:52:21.979Z] Checked if tokens are valid: true, expires at: 1753339907591
[debug] [2025-07-24T05:52:21.980Z] Checked if tokens are valid: true, expires at: 1753339907591
[debug] [2025-07-24T05:52:21.980Z] >>> [apiv2][query] POST https://serviceusage.googleapis.com/v1beta1/projects/698181575885/services/pubsub.googleapis.com:generateServiceIdentity [none]
[debug] [2025-07-24T05:52:21.980Z] >>> [apiv2][(partial)header] POST https://serviceusage.googleapis.com/v1beta1/projects/698181575885/services/pubsub.googleapis.com:generateServiceIdentity x-goog-quota-user=projects/698181575885
[debug] [2025-07-24T05:52:21.980Z] >>> [apiv2][body] POST https://serviceusage.googleapis.com/v1beta1/projects/698181575885/services/pubsub.googleapis.com:generateServiceIdentity {}
[debug] [2025-07-24T05:52:21.983Z] >>> [apiv2][query] POST https://serviceusage.googleapis.com/v1beta1/projects/698181575885/services/eventarc.googleapis.com:generateServiceIdentity [none]
[debug] [2025-07-24T05:52:21.983Z] >>> [apiv2][(partial)header] POST https://serviceusage.googleapis.com/v1beta1/projects/698181575885/services/eventarc.googleapis.com:generateServiceIdentity x-goog-quota-user=projects/698181575885
[debug] [2025-07-24T05:52:21.983Z] >>> [apiv2][body] POST https://serviceusage.googleapis.com/v1beta1/projects/698181575885/services/eventarc.googleapis.com:generateServiceIdentity {}
[debug] [2025-07-24T05:52:23.650Z] <<< [apiv2][status] POST https://serviceusage.googleapis.com/v1beta1/projects/698181575885/services/pubsub.googleapis.com:generateServiceIdentity 200
[debug] [2025-07-24T05:52:23.651Z] <<< [apiv2][body] POST https://serviceusage.googleapis.com/v1beta1/projects/698181575885/services/pubsub.googleapis.com:generateServiceIdentity {"name":"operations/finished.DONE_OPERATION","done":true,"response":{"@type":"type.googleapis.com/google.api.serviceusage.v1beta1.ServiceIdentity","email":"service-698181575885@gcp-sa-pubsub.iam.gserviceaccount.com","uniqueId":"113008267331433426178"}}
[debug] [2025-07-24T05:52:23.735Z] <<< [apiv2][status] POST https://serviceusage.googleapis.com/v1beta1/projects/698181575885/services/eventarc.googleapis.com:generateServiceIdentity 200
[debug] [2025-07-24T05:52:23.736Z] <<< [apiv2][body] POST https://serviceusage.googleapis.com/v1beta1/projects/698181575885/services/eventarc.googleapis.com:generateServiceIdentity {"name":"operations/finished.DONE_OPERATION","done":true,"response":{"@type":"type.googleapis.com/google.api.serviceusage.v1beta1.ServiceIdentity","email":"service-698181575885@gcp-sa-eventarc.iam.gserviceaccount.com","uniqueId":"106860881198935898155"}}
[debug] [2025-07-24T05:52:23.739Z] Checked if tokens are valid: true, expires at: 1753339907591
[debug] [2025-07-24T05:52:23.739Z] Checked if tokens are valid: true, expires at: 1753339907591
[debug] [2025-07-24T05:52:23.739Z] >>> [apiv2][query] GET https://cloudresourcemanager.googleapis.com/v1/projects/test-login2-e4c7f [none]
[debug] [2025-07-24T05:52:25.035Z] <<< [apiv2][status] GET https://cloudresourcemanager.googleapis.com/v1/projects/test-login2-e4c7f 200
[debug] [2025-07-24T05:52:25.035Z] <<< [apiv2][body] GET https://cloudresourcemanager.googleapis.com/v1/projects/test-login2-e4c7f {"projectNumber":"698181575885","projectId":"test-login2-e4c7f","lifecycleState":"ACTIVE","name":"nssbapp","labels":{"firebase":"enabled"},"createTime":"2024-09-12T01:36:25.455551Z"}
[debug] [2025-07-24T05:52:25.035Z] Checked if tokens are valid: true, expires at: 1753339907591
[debug] [2025-07-24T05:52:25.035Z] Checked if tokens are valid: true, expires at: 1753339907591
[debug] [2025-07-24T05:52:25.035Z] >>> [apiv2][query] GET https://compute.googleapis.com/compute/v1/projects/698181575885 [none]
[debug] [2025-07-24T05:52:25.431Z] <<< [apiv2][status] GET https://compute.googleapis.com/compute/v1/projects/698181575885 403
[debug] [2025-07-24T05:52:25.432Z] <<< [apiv2][body] GET https://compute.googleapis.com/compute/v1/projects/698181575885 {"error":{"code":403,"message":"Compute Engine API has not been used in project 698181575885 before or it is disabled. Enable it by visiting https://console.developers.google.com/apis/api/compute.googleapis.com/overview?project=698181575885 then retry. If you enabled this API recently, wait a few minutes for the action to propagate to our systems and retry.","errors":[{"message":"Compute Engine API has not been used in project 698181575885 before or it is disabled. Enable it by visiting https://console.developers.google.com/apis/api/compute.googleapis.com/overview?project=698181575885 then retry. If you enabled this API recently, wait a few minutes for the action to propagate to our systems and retry.","domain":"usageLimits","reason":"accessNotConfigured","extendedHelp":"https://console.developers.google.com"}],"status":"PERMISSION_DENIED","details":[{"@type":"type.googleapis.com/google.rpc.ErrorInfo","reason":"SERVICE_DISABLED","domain":"googleapis.com","metadata":{"service":"compute.googleapis.com","containerInfo":"698181575885","serviceTitle":"Compute Engine API","consumer":"projects/698181575885","activationUrl":"https://console.developers.google.com/apis/api/compute.googleapis.com/overview?project=698181575885"}},{"@type":"type.googleapis.com/google.rpc.LocalizedMessage","locale":"en-US","message":"Compute Engine API has not been used in project 698181575885 before or it is disabled. Enable it by visiting https://console.developers.google.com/apis/api/compute.googleapis.com/overview?project=698181575885 then retry. If you enabled this API recently, wait a few minutes for the action to propagate to our systems and retry."},{"@type":"type.googleapis.com/google.rpc.Help","links":[{"description":"Google developers console API activation","url":"https://console.developers.google.com/apis/api/compute.googleapis.com/overview?project=698181575885"}]}]}}
[debug] [2025-07-24T05:52:25.432Z] unable to look up default compute service account. Falling back to 698181575885-compute@developer.gserviceaccount.com. Error: {"name":"FirebaseError","children":[],"context":{"body":{"error":{"code":403,"message":"Compute Engine API has not been used in project 698181575885 before or it is disabled. Enable it by visiting https://console.developers.google.com/apis/api/compute.googleapis.com/overview?project=698181575885 then retry. If you enabled this API recently, wait a few minutes for the action to propagate to our systems and retry.","errors":[{"message":"Compute Engine API has not been used in project 698181575885 before or it is disabled. Enable it by visiting https://console.developers.google.com/apis/api/compute.googleapis.com/overview?project=698181575885 then retry. If you enabled this API recently, wait a few minutes for the action to propagate to our systems and retry.","domain":"usageLimits","reason":"accessNotConfigured","extendedHelp":"https://console.developers.google.com"}],"status":"PERMISSION_DENIED","details":[{"@type":"type.googleapis.com/google.rpc.ErrorInfo","reason":"SERVICE_DISABLED","domain":"googleapis.com","metadata":{"service":"compute.googleapis.com","containerInfo":"698181575885","serviceTitle":"Compute Engine API","consumer":"projects/698181575885","activationUrl":"https://console.developers.google.com/apis/api/compute.googleapis.com/overview?project=698181575885"}},{"@type":"type.googleapis.com/google.rpc.LocalizedMessage","locale":"en-US","message":"Compute Engine API has not been used in project 698181575885 before or it is disabled. Enable it by visiting https://console.developers.google.com/apis/api/compute.googleapis.com/overview?project=698181575885 then retry. If you enabled this API recently, wait a few minutes for the action to propagate to our systems and retry."},{"@type":"type.googleapis.com/google.rpc.Help","links":[{"description":"Google developers console API activation","url":"https://console.developers.google.com/apis/api/compute.googleapis.com/overview?project=698181575885"}]}]}},"response":{"statusCode":403}},"exit":1,"message":"Request to https://compute.googleapis.com/compute/v1/projects/698181575885 had HTTP Error: 403, Compute Engine API has not been used in project 698181575885 before or it is disabled. Enable it by visiting https://console.developers.google.com/apis/api/compute.googleapis.com/overview?project=698181575885 then retry. If you enabled this API recently, wait a few minutes for the action to propagate to our systems and retry.","status":403}
[debug] [2025-07-24T05:52:25.434Z] Checked if tokens are valid: true, expires at: 1753339907591
[debug] [2025-07-24T05:52:25.434Z] Checked if tokens are valid: true, expires at: 1753339907591
[debug] [2025-07-24T05:52:25.434Z] >>> [apiv2][query] GET https://cloudbilling.googleapis.com/v1/projects/test-login2-e4c7f/billingInfo [none]
[debug] [2025-07-24T05:52:26.827Z] <<< [apiv2][status] GET https://cloudbilling.googleapis.com/v1/projects/test-login2-e4c7f/billingInfo 200
[debug] [2025-07-24T05:52:26.828Z] <<< [apiv2][body] GET https://cloudbilling.googleapis.com/v1/projects/test-login2-e4c7f/billingInfo {"name":"projects/test-login2-e4c7f/billingInfo","projectId":"test-login2-e4c7f","billingAccountName":"billingAccounts/01674D-1A88E2-507073","billingEnabled":true}
[debug] [2025-07-24T05:52:26.829Z] [functions] found 1 new HTTP functions, testing setIamPolicy permission...
[debug] [2025-07-24T05:52:26.829Z] Checked if tokens are valid: true, expires at: 1753339907591
[debug] [2025-07-24T05:52:26.829Z] Checked if tokens are valid: true, expires at: 1753339907591
[debug] [2025-07-24T05:52:26.830Z] >>> [apiv2][query] POST https://cloudresourcemanager.googleapis.com/v1/projects/test-login2-e4c7f:testIamPermissions [none]
[debug] [2025-07-24T05:52:26.830Z] >>> [apiv2][(partial)header] POST https://cloudresourcemanager.googleapis.com/v1/projects/test-login2-e4c7f:testIamPermissions x-goog-quota-user=projects/test-login2-e4c7f
[debug] [2025-07-24T05:52:26.830Z] >>> [apiv2][body] POST https://cloudresourcemanager.googleapis.com/v1/projects/test-login2-e4c7f:testIamPermissions {"permissions":["cloudfunctions.functions.setIamPolicy"]}
[debug] [2025-07-24T05:52:27.044Z] <<< [apiv2][status] POST https://cloudresourcemanager.googleapis.com/v1/projects/test-login2-e4c7f:testIamPermissions 200
[debug] [2025-07-24T05:52:27.045Z] <<< [apiv2][body] POST https://cloudresourcemanager.googleapis.com/v1/projects/test-login2-e4c7f:testIamPermissions {"permissions":["cloudfunctions.functions.setIamPolicy"]}
[debug] [2025-07-24T05:52:27.045Z] [functions] found setIamPolicy permission, proceeding with deploy
[debug] [2025-07-24T05:52:27.046Z] Checked if tokens are valid: true, expires at: 1753339907591
[debug] [2025-07-24T05:52:27.046Z] Checked if tokens are valid: true, expires at: 1753339907591
[debug] [2025-07-24T05:52:27.046Z] >>> [apiv2][query] POST https://cloudfunctions.googleapis.com/v2/projects/test-login2-e4c7f/locations/us-central1/functions:generateUploadUrl [none]
[debug] [2025-07-24T05:52:29.442Z] <<< [apiv2][status] POST https://cloudfunctions.googleapis.com/v2/projects/test-login2-e4c7f/locations/us-central1/functions:generateUploadUrl 200
[debug] [2025-07-24T05:52:29.442Z] <<< [apiv2][body] POST https://cloudfunctions.googleapis.com/v2/projects/test-login2-e4c7f/locations/us-central1/functions:generateUploadUrl {"uploadUrl":"https://storage.googleapis.com/gcf-v2-uploads-698181575885.us-central1.cloudfunctions.appspot.com/819adb55-ab2f-42d2-aca4-9d0efba755f5.zip?GoogleAccessId=service-698181575885@gcf-admin-robot.iam.gserviceaccount.com&Expires=1753338149&Signature=BNUGj61eKVJn4jSndfJtlNFSKyffD5aldrmGa%2B3AWZLatXSru0N2ooM9PDaMPmDT8y%2Faymd3UIDWaFqkHttakuQNuBgb9d5kGQRAFdSl7t3gJLgsj9LuCzOazZCEVEHVrogkIo%2FFQsx1IUbkblZBewvwEvm0v5TrgBHZAJW9vTysZTaDKD3I%2BZ2uMCLeSL2G5THiedt2EWZGE%2BuY5uvVE5Tm4eHq%2B%2FT2eW2DPjfb1CyKjVO2ORt%2FyGV%2F%2FOjqGMsqCJc75phFbZDTl6L0FJfsSFZKCv4VZfvxme1Mla5rEYHpvmRA6GQKPlVZNiwid%2F769YRrU7ysjfMMb%2FEFpKznZQ%3D%3D","storageSource":{"bucket":"gcf-v2-uploads-698181575885.us-central1.cloudfunctions.appspot.com","object":"819adb55-ab2f-42d2-aca4-9d0efba755f5.zip"}}
[debug] [2025-07-24T05:52:29.444Z] >>> [apiv2][query] PUT https://storage.googleapis.com/gcf-v2-uploads-698181575885.us-central1.cloudfunctions.appspot.com/819adb55-ab2f-42d2-aca4-9d0efba755f5.zip GoogleAccessId=service-698181575885%40gcf-admin-robot.iam.gserviceaccount.com&Expires=1753338149&Signature=BNUGj61eKVJn4jSndfJtlNFSKyffD5aldrmGa%2B3AWZLatXSru0N2ooM9PDaMPmDT8y%2Faymd3UIDWaFqkHttakuQNuBgb9d5kGQRAFdSl7t3gJLgsj9LuCzOazZCEVEHVrogkIo%2FFQsx1IUbkblZBewvwEvm0v5TrgBHZAJW9vTysZTaDKD3I%2BZ2uMCLeSL2G5THiedt2EWZGE%2BuY5uvVE5Tm4eHq%2B%2FT2eW2DPjfb1CyKjVO2ORt%2FyGV%2F%2FOjqGMsqCJc75phFbZDTl6L0FJfsSFZKCv4VZfvxme1Mla5rEYHpvmRA6GQKPlVZNiwid%2F769YRrU7ysjfMMb%2FEFpKznZQ%3D%3D
[debug] [2025-07-24T05:52:29.445Z] >>> [apiv2][body] PUT https://storage.googleapis.com/gcf-v2-uploads-698181575885.us-central1.cloudfunctions.appspot.com/819adb55-ab2f-42d2-aca4-9d0efba755f5.zip [stream]
[debug] [2025-07-24T05:52:30.419Z] <<< [apiv2][status] PUT https://storage.googleapis.com/gcf-v2-uploads-698181575885.us-central1.cloudfunctions.appspot.com/819adb55-ab2f-42d2-aca4-9d0efba755f5.zip 200
[debug] [2025-07-24T05:52:30.420Z] <<< [apiv2][body] PUT https://storage.googleapis.com/gcf-v2-uploads-698181575885.us-central1.cloudfunctions.appspot.com/819adb55-ab2f-42d2-aca4-9d0efba755f5.zip [omitted]
[info] +  functions: functions folder uploaded successfully 
[info] i  functions: creating Node.js 22 (2nd Gen) function sendGrievanceEmail(us-central1)... 
[debug] [2025-07-24T05:52:30.437Z] Checked if tokens are valid: true, expires at: 1753339907591
[debug] [2025-07-24T05:52:30.437Z] Checked if tokens are valid: true, expires at: 1753339907591
[debug] [2025-07-24T05:52:30.437Z] >>> [apiv2][query] POST https://cloudfunctions.googleapis.com/v2/projects/test-login2-e4c7f/locations/us-central1/functions functionId=sendGrievanceEmail
[debug] [2025-07-24T05:52:30.437Z] >>> [apiv2][body] POST https://cloudfunctions.googleapis.com/v2/projects/test-login2-e4c7f/locations/us-central1/functions {"name":"projects/test-login2-e4c7f/locations/us-central1/functions/sendGrievanceEmail","buildConfig":{"runtime":"nodejs22","entryPoint":"sendGrievanceEmail","source":{"storageSource":{"bucket":"gcf-v2-uploads-698181575885.us-central1.cloudfunctions.appspot.com","object":"819adb55-ab2f-42d2-aca4-9d0efba755f5.zip"}},"environmentVariables":{"GOOGLE_NODE_RUN_SCRIPTS":""}},"serviceConfig":{"environmentVariables":{"FIREBASE_CONFIG":"{\"projectId\":\"test-login2-e4c7f\",\"databaseURL\":\"https://test-login2-e4c7f-default-rtdb.firebaseio.com\",\"storageBucket\":\"test-login2-e4c7f.firebasestorage.app\"}","GCLOUD_PROJECT":"test-login2-e4c7f","EVENTARC_CLOUD_EVENT_SOURCE":"projects/test-login2-e4c7f/locations/us-central1/services/sendGrievanceEmail","FUNCTION_TARGET":"sendGrievanceEmail","LOG_EXECUTION_ID":"true"},"ingressSettings":null,"timeoutSeconds":null,"serviceAccountEmail":null,"availableMemory":"256Mi","minInstanceCount":null,"maxInstanceCount":10,"maxInstanceRequestConcurrency":80,"availableCpu":"1","vpcConnector":null,"vpcConnectorEgressSettings":null},"labels":{"deployment-tool":"cli-firebase","firebase-functions-hash":"1bd58ca848cbf36ce60c8ccca8149400a29552a8"}}
[debug] [2025-07-24T05:52:33.019Z] <<< [apiv2][status] POST https://cloudfunctions.googleapis.com/v2/projects/test-login2-e4c7f/locations/us-central1/functions 200
[debug] [2025-07-24T05:52:33.019Z] <<< [apiv2][body] POST https://cloudfunctions.googleapis.com/v2/projects/test-login2-e4c7f/locations/us-central1/functions {"name":"projects/test-login2-e4c7f/locations/us-central1/operations/operation-1753336351644-63aa66e695b9a-386f497b-49c23cd9","metadata":{"@type":"type.googleapis.com/google.cloud.functions.v2.OperationMetadata","createTime":"2025-07-24T05:52:32.818480432Z","target":"projects/test-login2-e4c7f/locations/us-central1/functions/sendGrievanceEmail","verb":"create","cancelRequested":false,"apiVersion":"v2"},"done":false}
[debug] [2025-07-24T05:52:33.019Z] Checked if tokens are valid: true, expires at: 1753339907591
[debug] [2025-07-24T05:52:33.020Z] Checked if tokens are valid: true, expires at: 1753339907591
[debug] [2025-07-24T05:52:33.020Z] >>> [apiv2][query] GET https://cloudfunctions.googleapis.com/v2/projects/test-login2-e4c7f/locations/us-central1/operations/operation-1753336351644-63aa66e695b9a-386f497b-49c23cd9 [none]
[debug] [2025-07-24T05:52:34.323Z] <<< [apiv2][status] GET https://cloudfunctions.googleapis.com/v2/projects/test-login2-e4c7f/locations/us-central1/operations/operation-1753336351644-63aa66e695b9a-386f497b-49c23cd9 200
[debug] [2025-07-24T05:52:34.323Z] <<< [apiv2][body] GET https://cloudfunctions.googleapis.com/v2/projects/test-login2-e4c7f/locations/us-central1/operations/operation-1753336351644-63aa66e695b9a-386f497b-49c23cd9 {"name":"projects/test-login2-e4c7f/locations/us-central1/operations/operation-1753336351644-63aa66e695b9a-386f497b-49c23cd9","metadata":{"@type":"type.googleapis.com/google.cloud.functions.v2.OperationMetadata","createTime":"2025-07-24T05:52:32.818480432Z","target":"projects/test-login2-e4c7f/locations/us-central1/functions/sendGrievanceEmail","verb":"create","cancelRequested":false,"apiVersion":"v2","requestResource":{"@type":"type.googleapis.com/google.cloud.functions.v2.Function","name":"projects/test-login2-e4c7f/locations/us-central1/functions/sendGrievanceEmail","buildConfig":{"runtime":"nodejs22","entryPoint":"sendGrievanceEmail","source":{"storageSource":{"bucket":"gcf-v2-sources-698181575885-us-central1","object":"sendGrievanceEmail/function-source.zip","generation":"1753336352515641"}},"environmentVariables":{"GOOGLE_NODE_RUN_SCRIPTS":""},"serviceAccount":"projects/test-login2-e4c7f/serviceAccounts/698181575885-compute@developer.gserviceaccount.com","automaticUpdatePolicy":{}},"serviceConfig":{"service":"projects/test-login2-e4c7f/locations/us-central1/services/sendgrievanceemail","timeoutSeconds":60,"environmentVariables":{"FIREBASE_CONFIG":"{\"projectId\":\"test-login2-e4c7f\",\"databaseURL\":\"https://test-login2-e4c7f-default-rtdb.firebaseio.com\",\"storageBucket\":\"test-login2-e4c7f.firebasestorage.app\"}","GCLOUD_PROJECT":"test-login2-e4c7f","EVENTARC_CLOUD_EVENT_SOURCE":"projects/test-login2-e4c7f/locations/us-central1/services/sendGrievanceEmail","FUNCTION_TARGET":"sendGrievanceEmail","LOG_EXECUTION_ID":"true"},"maxInstanceCount":10,"ingressSettings":"ALLOW_ALL","serviceAccountEmail":"698181575885-compute@developer.gserviceaccount.com","availableMemory":"256Mi","maxInstanceRequestConcurrency":80,"availableCpu":"1"},"labels":{"deployment-tool":"cli-firebase","firebase-functions-hash":"1bd58ca848cbf36ce60c8ccca8149400a29552a8"},"environment":"GEN_2"},"stages":[{"name":"BUILD","state":"NOT_STARTED"},{"name":"SERVICE","state":"NOT_STARTED"}],"operationType":"CREATE_FUNCTION"},"done":false}
[debug] [2025-07-24T05:52:34.838Z] [create-default-us-central1-sendGrievanceEmail] Retrying task index 0
[debug] [2025-07-24T05:52:34.839Z] Checked if tokens are valid: true, expires at: 1753339907591
[debug] [2025-07-24T05:52:34.839Z] Checked if tokens are valid: true, expires at: 1753339907591
[debug] [2025-07-24T05:52:34.839Z] >>> [apiv2][query] GET https://cloudfunctions.googleapis.com/v2/projects/test-login2-e4c7f/locations/us-central1/operations/operation-1753336351644-63aa66e695b9a-386f497b-49c23cd9 [none]
[debug] [2025-07-24T05:52:36.162Z] <<< [apiv2][status] GET https://cloudfunctions.googleapis.com/v2/projects/test-login2-e4c7f/locations/us-central1/operations/operation-1753336351644-63aa66e695b9a-386f497b-49c23cd9 200
[debug] [2025-07-24T05:52:36.163Z] <<< [apiv2][body] GET https://cloudfunctions.googleapis.com/v2/projects/test-login2-e4c7f/locations/us-central1/operations/operation-1753336351644-63aa66e695b9a-386f497b-49c23cd9 {"name":"projects/test-login2-e4c7f/locations/us-central1/operations/operation-1753336351644-63aa66e695b9a-386f497b-49c23cd9","metadata":{"@type":"type.googleapis.com/google.cloud.functions.v2.OperationMetadata","createTime":"2025-07-24T05:52:32.818480432Z","target":"projects/test-login2-e4c7f/locations/us-central1/functions/sendGrievanceEmail","verb":"create","cancelRequested":false,"apiVersion":"v2","requestResource":{"@type":"type.googleapis.com/google.cloud.functions.v2.Function","name":"projects/test-login2-e4c7f/locations/us-central1/functions/sendGrievanceEmail","buildConfig":{"runtime":"nodejs22","entryPoint":"sendGrievanceEmail","source":{"storageSource":{"bucket":"gcf-v2-sources-698181575885-us-central1","object":"sendGrievanceEmail/function-source.zip","generation":"1753336352515641"}},"environmentVariables":{"GOOGLE_NODE_RUN_SCRIPTS":""},"serviceAccount":"projects/test-login2-e4c7f/serviceAccounts/698181575885-compute@developer.gserviceaccount.com","automaticUpdatePolicy":{}},"serviceConfig":{"service":"projects/test-login2-e4c7f/locations/us-central1/services/sendgrievanceemail","timeoutSeconds":60,"environmentVariables":{"FIREBASE_CONFIG":"{\"projectId\":\"test-login2-e4c7f\",\"databaseURL\":\"https://test-login2-e4c7f-default-rtdb.firebaseio.com\",\"storageBucket\":\"test-login2-e4c7f.firebasestorage.app\"}","GCLOUD_PROJECT":"test-login2-e4c7f","EVENTARC_CLOUD_EVENT_SOURCE":"projects/test-login2-e4c7f/locations/us-central1/services/sendGrievanceEmail","FUNCTION_TARGET":"sendGrievanceEmail","LOG_EXECUTION_ID":"true"},"maxInstanceCount":10,"ingressSettings":"ALLOW_ALL","serviceAccountEmail":"698181575885-compute@developer.gserviceaccount.com","availableMemory":"256Mi","maxInstanceRequestConcurrency":80,"availableCpu":"1"},"labels":{"deployment-tool":"cli-firebase","firebase-functions-hash":"1bd58ca848cbf36ce60c8ccca8149400a29552a8"},"environment":"GEN_2"},"stages":[{"name":"BUILD","state":"NOT_STARTED"},{"name":"SERVICE","state":"NOT_STARTED"}],"operationType":"CREATE_FUNCTION"},"done":false}
[debug] [2025-07-24T05:52:37.169Z] [create-default-us-central1-sendGrievanceEmail] Retrying task index 0
[debug] [2025-07-24T05:52:37.169Z] Checked if tokens are valid: true, expires at: 1753339907591
[debug] [2025-07-24T05:52:37.170Z] Checked if tokens are valid: true, expires at: 1753339907591
[debug] [2025-07-24T05:52:37.170Z] >>> [apiv2][query] GET https://cloudfunctions.googleapis.com/v2/projects/test-login2-e4c7f/locations/us-central1/operations/operation-1753336351644-63aa66e695b9a-386f497b-49c23cd9 [none]
[debug] [2025-07-24T05:52:38.704Z] <<< [apiv2][status] GET https://cloudfunctions.googleapis.com/v2/projects/test-login2-e4c7f/locations/us-central1/operations/operation-1753336351644-63aa66e695b9a-386f497b-49c23cd9 200
[debug] [2025-07-24T05:52:38.704Z] <<< [apiv2][body] GET https://cloudfunctions.googleapis.com/v2/projects/test-login2-e4c7f/locations/us-central1/operations/operation-1753336351644-63aa66e695b9a-386f497b-49c23cd9 {"name":"projects/test-login2-e4c7f/locations/us-central1/operations/operation-1753336351644-63aa66e695b9a-386f497b-49c23cd9","metadata":{"@type":"type.googleapis.com/google.cloud.functions.v2.OperationMetadata","createTime":"2025-07-24T05:52:32.818480432Z","target":"projects/test-login2-e4c7f/locations/us-central1/functions/sendGrievanceEmail","verb":"create","cancelRequested":false,"apiVersion":"v2","requestResource":{"@type":"type.googleapis.com/google.cloud.functions.v2.Function","name":"projects/test-login2-e4c7f/locations/us-central1/functions/sendGrievanceEmail","buildConfig":{"runtime":"nodejs22","entryPoint":"sendGrievanceEmail","source":{"storageSource":{"bucket":"gcf-v2-sources-698181575885-us-central1","object":"sendGrievanceEmail/function-source.zip","generation":"1753336352515641"}},"environmentVariables":{"GOOGLE_NODE_RUN_SCRIPTS":""},"serviceAccount":"projects/test-login2-e4c7f/serviceAccounts/698181575885-compute@developer.gserviceaccount.com","automaticUpdatePolicy":{}},"serviceConfig":{"service":"projects/test-login2-e4c7f/locations/us-central1/services/sendgrievanceemail","timeoutSeconds":60,"environmentVariables":{"FIREBASE_CONFIG":"{\"projectId\":\"test-login2-e4c7f\",\"databaseURL\":\"https://test-login2-e4c7f-default-rtdb.firebaseio.com\",\"storageBucket\":\"test-login2-e4c7f.firebasestorage.app\"}","GCLOUD_PROJECT":"test-login2-e4c7f","EVENTARC_CLOUD_EVENT_SOURCE":"projects/test-login2-e4c7f/locations/us-central1/services/sendGrievanceEmail","FUNCTION_TARGET":"sendGrievanceEmail","LOG_EXECUTION_ID":"true"},"maxInstanceCount":10,"ingressSettings":"ALLOW_ALL","serviceAccountEmail":"698181575885-compute@developer.gserviceaccount.com","availableMemory":"256Mi","maxInstanceRequestConcurrency":80,"availableCpu":"1"},"labels":{"deployment-tool":"cli-firebase","firebase-functions-hash":"1bd58ca848cbf36ce60c8ccca8149400a29552a8"},"environment":"GEN_2"},"stages":[{"name":"BUILD","state":"NOT_STARTED"},{"name":"SERVICE","state":"NOT_STARTED"}],"operationType":"CREATE_FUNCTION"},"done":false}
[debug] [2025-07-24T05:52:40.707Z] [create-default-us-central1-sendGrievanceEmail] Retrying task index 0
[debug] [2025-07-24T05:52:40.707Z] Checked if tokens are valid: true, expires at: 1753339907591
[debug] [2025-07-24T05:52:40.708Z] Checked if tokens are valid: true, expires at: 1753339907591
[debug] [2025-07-24T05:52:40.708Z] >>> [apiv2][query] GET https://cloudfunctions.googleapis.com/v2/projects/test-login2-e4c7f/locations/us-central1/operations/operation-1753336351644-63aa66e695b9a-386f497b-49c23cd9 [none]
[debug] [2025-07-24T05:52:42.023Z] <<< [apiv2][status] GET https://cloudfunctions.googleapis.com/v2/projects/test-login2-e4c7f/locations/us-central1/operations/operation-1753336351644-63aa66e695b9a-386f497b-49c23cd9 200
[debug] [2025-07-24T05:52:42.023Z] <<< [apiv2][body] GET https://cloudfunctions.googleapis.com/v2/projects/test-login2-e4c7f/locations/us-central1/operations/operation-1753336351644-63aa66e695b9a-386f497b-49c23cd9 {"name":"projects/test-login2-e4c7f/locations/us-central1/operations/operation-1753336351644-63aa66e695b9a-386f497b-49c23cd9","metadata":{"@type":"type.googleapis.com/google.cloud.functions.v2.OperationMetadata","createTime":"2025-07-24T05:52:32.818480432Z","target":"projects/test-login2-e4c7f/locations/us-central1/functions/sendGrievanceEmail","verb":"create","cancelRequested":false,"apiVersion":"v2","requestResource":{"@type":"type.googleapis.com/google.cloud.functions.v2.Function","name":"projects/test-login2-e4c7f/locations/us-central1/functions/sendGrievanceEmail","buildConfig":{"runtime":"nodejs22","entryPoint":"sendGrievanceEmail","source":{"storageSource":{"bucket":"gcf-v2-sources-698181575885-us-central1","object":"sendGrievanceEmail/function-source.zip","generation":"1753336352515641"}},"environmentVariables":{"GOOGLE_NODE_RUN_SCRIPTS":""},"serviceAccount":"projects/test-login2-e4c7f/serviceAccounts/698181575885-compute@developer.gserviceaccount.com","automaticUpdatePolicy":{}},"serviceConfig":{"service":"projects/test-login2-e4c7f/locations/us-central1/services/sendgrievanceemail","timeoutSeconds":60,"environmentVariables":{"FIREBASE_CONFIG":"{\"projectId\":\"test-login2-e4c7f\",\"databaseURL\":\"https://test-login2-e4c7f-default-rtdb.firebaseio.com\",\"storageBucket\":\"test-login2-e4c7f.firebasestorage.app\"}","GCLOUD_PROJECT":"test-login2-e4c7f","EVENTARC_CLOUD_EVENT_SOURCE":"projects/test-login2-e4c7f/locations/us-central1/services/sendGrievanceEmail","FUNCTION_TARGET":"sendGrievanceEmail","LOG_EXECUTION_ID":"true"},"maxInstanceCount":10,"ingressSettings":"ALLOW_ALL","serviceAccountEmail":"698181575885-compute@developer.gserviceaccount.com","availableMemory":"256Mi","maxInstanceRequestConcurrency":80,"availableCpu":"1"},"labels":{"deployment-tool":"cli-firebase","firebase-functions-hash":"1bd58ca848cbf36ce60c8ccca8149400a29552a8"},"environment":"GEN_2"},"stages":[{"name":"BUILD","state":"NOT_STARTED"},{"name":"SERVICE","state":"NOT_STARTED"}],"operationType":"CREATE_FUNCTION"},"done":false}
[debug] [2025-07-24T05:52:46.037Z] [create-default-us-central1-sendGrievanceEmail] Retrying task index 0
[debug] [2025-07-24T05:52:46.037Z] Checked if tokens are valid: true, expires at: 1753339907591
[debug] [2025-07-24T05:52:46.037Z] Checked if tokens are valid: true, expires at: 1753339907591
[debug] [2025-07-24T05:52:46.038Z] >>> [apiv2][query] GET https://cloudfunctions.googleapis.com/v2/projects/test-login2-e4c7f/locations/us-central1/operations/operation-1753336351644-63aa66e695b9a-386f497b-49c23cd9 [none]
[debug] [2025-07-24T05:52:47.343Z] <<< [apiv2][status] GET https://cloudfunctions.googleapis.com/v2/projects/test-login2-e4c7f/locations/us-central1/operations/operation-1753336351644-63aa66e695b9a-386f497b-49c23cd9 200
[debug] [2025-07-24T05:52:47.343Z] <<< [apiv2][body] GET https://cloudfunctions.googleapis.com/v2/projects/test-login2-e4c7f/locations/us-central1/operations/operation-1753336351644-63aa66e695b9a-386f497b-49c23cd9 {"name":"projects/test-login2-e4c7f/locations/us-central1/operations/operation-1753336351644-63aa66e695b9a-386f497b-49c23cd9","metadata":{"@type":"type.googleapis.com/google.cloud.functions.v2.OperationMetadata","createTime":"2025-07-24T05:52:32.818480432Z","target":"projects/test-login2-e4c7f/locations/us-central1/functions/sendGrievanceEmail","verb":"create","cancelRequested":false,"apiVersion":"v2","requestResource":{"@type":"type.googleapis.com/google.cloud.functions.v2.Function","name":"projects/test-login2-e4c7f/locations/us-central1/functions/sendGrievanceEmail","buildConfig":{"runtime":"nodejs22","entryPoint":"sendGrievanceEmail","source":{"storageSource":{"bucket":"gcf-v2-sources-698181575885-us-central1","object":"sendGrievanceEmail/function-source.zip","generation":"1753336352515641"}},"environmentVariables":{"GOOGLE_NODE_RUN_SCRIPTS":""},"serviceAccount":"projects/test-login2-e4c7f/serviceAccounts/698181575885-compute@developer.gserviceaccount.com","automaticUpdatePolicy":{}},"serviceConfig":{"service":"projects/test-login2-e4c7f/locations/us-central1/services/sendgrievanceemail","timeoutSeconds":60,"environmentVariables":{"FIREBASE_CONFIG":"{\"projectId\":\"test-login2-e4c7f\",\"databaseURL\":\"https://test-login2-e4c7f-default-rtdb.firebaseio.com\",\"storageBucket\":\"test-login2-e4c7f.firebasestorage.app\"}","GCLOUD_PROJECT":"test-login2-e4c7f","EVENTARC_CLOUD_EVENT_SOURCE":"projects/test-login2-e4c7f/locations/us-central1/services/sendGrievanceEmail","FUNCTION_TARGET":"sendGrievanceEmail","LOG_EXECUTION_ID":"true"},"maxInstanceCount":10,"ingressSettings":"ALLOW_ALL","serviceAccountEmail":"698181575885-compute@developer.gserviceaccount.com","availableMemory":"256Mi","maxInstanceRequestConcurrency":80,"availableCpu":"1"},"labels":{"deployment-tool":"cli-firebase","firebase-functions-hash":"1bd58ca848cbf36ce60c8ccca8149400a29552a8"},"environment":"GEN_2"},"stages":[{"name":"BUILD","state":"NOT_STARTED"},{"name":"SERVICE","state":"NOT_STARTED"}],"operationType":"CREATE_FUNCTION"},"done":false}
[debug] [2025-07-24T05:52:55.352Z] [create-default-us-central1-sendGrievanceEmail] Retrying task index 0
[debug] [2025-07-24T05:52:55.352Z] Checked if tokens are valid: true, expires at: 1753339907591
[debug] [2025-07-24T05:52:55.352Z] Checked if tokens are valid: true, expires at: 1753339907591
[debug] [2025-07-24T05:52:55.353Z] >>> [apiv2][query] GET https://cloudfunctions.googleapis.com/v2/projects/test-login2-e4c7f/locations/us-central1/operations/operation-1753336351644-63aa66e695b9a-386f497b-49c23cd9 [none]
[debug] [2025-07-24T05:52:56.859Z] <<< [apiv2][status] GET https://cloudfunctions.googleapis.com/v2/projects/test-login2-e4c7f/locations/us-central1/operations/operation-1753336351644-63aa66e695b9a-386f497b-49c23cd9 200
[debug] [2025-07-24T05:52:56.859Z] <<< [apiv2][body] GET https://cloudfunctions.googleapis.com/v2/projects/test-login2-e4c7f/locations/us-central1/operations/operation-1753336351644-63aa66e695b9a-386f497b-49c23cd9 {"name":"projects/test-login2-e4c7f/locations/us-central1/operations/operation-1753336351644-63aa66e695b9a-386f497b-49c23cd9","metadata":{"@type":"type.googleapis.com/google.cloud.functions.v2.OperationMetadata","createTime":"2025-07-24T05:52:32.818480432Z","target":"projects/test-login2-e4c7f/locations/us-central1/functions/sendGrievanceEmail","verb":"create","cancelRequested":false,"apiVersion":"v2","requestResource":{"@type":"type.googleapis.com/google.cloud.functions.v2.Function","name":"projects/test-login2-e4c7f/locations/us-central1/functions/sendGrievanceEmail","buildConfig":{"runtime":"nodejs22","entryPoint":"sendGrievanceEmail","source":{"storageSource":{"bucket":"gcf-v2-sources-698181575885-us-central1","object":"sendGrievanceEmail/function-source.zip","generation":"1753336352515641"}},"environmentVariables":{"GOOGLE_NODE_RUN_SCRIPTS":""},"serviceAccount":"projects/test-login2-e4c7f/serviceAccounts/698181575885-compute@developer.gserviceaccount.com","automaticUpdatePolicy":{}},"serviceConfig":{"service":"projects/test-login2-e4c7f/locations/us-central1/services/sendgrievanceemail","timeoutSeconds":60,"environmentVariables":{"FIREBASE_CONFIG":"{\"projectId\":\"test-login2-e4c7f\",\"databaseURL\":\"https://test-login2-e4c7f-default-rtdb.firebaseio.com\",\"storageBucket\":\"test-login2-e4c7f.firebasestorage.app\"}","GCLOUD_PROJECT":"test-login2-e4c7f","EVENTARC_CLOUD_EVENT_SOURCE":"projects/test-login2-e4c7f/locations/us-central1/services/sendGrievanceEmail","FUNCTION_TARGET":"sendGrievanceEmail","LOG_EXECUTION_ID":"true"},"maxInstanceCount":10,"ingressSettings":"ALLOW_ALL","serviceAccountEmail":"698181575885-compute@developer.gserviceaccount.com","availableMemory":"256Mi","maxInstanceRequestConcurrency":80,"availableCpu":"1"},"labels":{"deployment-tool":"cli-firebase","firebase-functions-hash":"1bd58ca848cbf36ce60c8ccca8149400a29552a8"},"environment":"GEN_2"},"stages":[{"name":"BUILD","message":"Build in progress","state":"IN_PROGRESS","resource":"projects/698181575885/locations/us-central1/builds/ef6f3a71-bfdb-4350-bc74-54a2e3d6480e","resourceUri":"https://console.cloud.google.com/cloud-build/builds;region=us-central1/ef6f3a71-bfdb-4350-bc74-54a2e3d6480e?project=698181575885"},{"name":"SERVICE","state":"NOT_STARTED"}],"operationType":"CREATE_FUNCTION","buildName":"projects/698181575885/locations/us-central1/builds/ef6f3a71-bfdb-4350-bc74-54a2e3d6480e"},"done":false}
[debug] [2025-07-24T05:53:06.868Z] [create-default-us-central1-sendGrievanceEmail] Retrying task index 0
[debug] [2025-07-24T05:53:06.869Z] Checked if tokens are valid: true, expires at: 1753339907591
[debug] [2025-07-24T05:53:06.870Z] Checked if tokens are valid: true, expires at: 1753339907591
[debug] [2025-07-24T05:53:06.870Z] >>> [apiv2][query] GET https://cloudfunctions.googleapis.com/v2/projects/test-login2-e4c7f/locations/us-central1/operations/operation-1753336351644-63aa66e695b9a-386f497b-49c23cd9 [none]
[debug] [2025-07-24T05:53:08.186Z] <<< [apiv2][status] GET https://cloudfunctions.googleapis.com/v2/projects/test-login2-e4c7f/locations/us-central1/operations/operation-1753336351644-63aa66e695b9a-386f497b-49c23cd9 200
[debug] [2025-07-24T05:53:08.186Z] <<< [apiv2][body] GET https://cloudfunctions.googleapis.com/v2/projects/test-login2-e4c7f/locations/us-central1/operations/operation-1753336351644-63aa66e695b9a-386f497b-49c23cd9 {"name":"projects/test-login2-e4c7f/locations/us-central1/operations/operation-1753336351644-63aa66e695b9a-386f497b-49c23cd9","metadata":{"@type":"type.googleapis.com/google.cloud.functions.v2.OperationMetadata","createTime":"2025-07-24T05:52:32.818480432Z","target":"projects/test-login2-e4c7f/locations/us-central1/functions/sendGrievanceEmail","verb":"create","cancelRequested":false,"apiVersion":"v2","requestResource":{"@type":"type.googleapis.com/google.cloud.functions.v2.Function","name":"projects/test-login2-e4c7f/locations/us-central1/functions/sendGrievanceEmail","buildConfig":{"runtime":"nodejs22","entryPoint":"sendGrievanceEmail","source":{"storageSource":{"bucket":"gcf-v2-sources-698181575885-us-central1","object":"sendGrievanceEmail/function-source.zip","generation":"1753336352515641"}},"environmentVariables":{"GOOGLE_NODE_RUN_SCRIPTS":""},"serviceAccount":"projects/test-login2-e4c7f/serviceAccounts/698181575885-compute@developer.gserviceaccount.com","automaticUpdatePolicy":{}},"serviceConfig":{"service":"projects/test-login2-e4c7f/locations/us-central1/services/sendgrievanceemail","timeoutSeconds":60,"environmentVariables":{"FIREBASE_CONFIG":"{\"projectId\":\"test-login2-e4c7f\",\"databaseURL\":\"https://test-login2-e4c7f-default-rtdb.firebaseio.com\",\"storageBucket\":\"test-login2-e4c7f.firebasestorage.app\"}","GCLOUD_PROJECT":"test-login2-e4c7f","EVENTARC_CLOUD_EVENT_SOURCE":"projects/test-login2-e4c7f/locations/us-central1/services/sendGrievanceEmail","FUNCTION_TARGET":"sendGrievanceEmail","LOG_EXECUTION_ID":"true"},"maxInstanceCount":10,"ingressSettings":"ALLOW_ALL","serviceAccountEmail":"698181575885-compute@developer.gserviceaccount.com","availableMemory":"256Mi","maxInstanceRequestConcurrency":80,"availableCpu":"1"},"labels":{"deployment-tool":"cli-firebase","firebase-functions-hash":"1bd58ca848cbf36ce60c8ccca8149400a29552a8"},"environment":"GEN_2"},"stages":[{"name":"BUILD","message":"Build in progress","state":"IN_PROGRESS","resource":"projects/698181575885/locations/us-central1/builds/ef6f3a71-bfdb-4350-bc74-54a2e3d6480e","resourceUri":"https://console.cloud.google.com/cloud-build/builds;region=us-central1/ef6f3a71-bfdb-4350-bc74-54a2e3d6480e?project=698181575885"},{"name":"SERVICE","state":"NOT_STARTED"}],"operationType":"CREATE_FUNCTION","buildName":"projects/698181575885/locations/us-central1/builds/ef6f3a71-bfdb-4350-bc74-54a2e3d6480e"},"done":false}
[debug] [2025-07-24T05:53:18.189Z] [create-default-us-central1-sendGrievanceEmail] Retrying task index 0
[debug] [2025-07-24T05:53:18.189Z] Checked if tokens are valid: true, expires at: 1753339907591
[debug] [2025-07-24T05:53:18.189Z] Checked if tokens are valid: true, expires at: 1753339907591
[debug] [2025-07-24T05:53:18.189Z] >>> [apiv2][query] GET https://cloudfunctions.googleapis.com/v2/projects/test-login2-e4c7f/locations/us-central1/operations/operation-1753336351644-63aa66e695b9a-386f497b-49c23cd9 [none]
[debug] [2025-07-24T05:53:19.592Z] <<< [apiv2][status] GET https://cloudfunctions.googleapis.com/v2/projects/test-login2-e4c7f/locations/us-central1/operations/operation-1753336351644-63aa66e695b9a-386f497b-49c23cd9 200
[debug] [2025-07-24T05:53:19.592Z] <<< [apiv2][body] GET https://cloudfunctions.googleapis.com/v2/projects/test-login2-e4c7f/locations/us-central1/operations/operation-1753336351644-63aa66e695b9a-386f497b-49c23cd9 {"name":"projects/test-login2-e4c7f/locations/us-central1/operations/operation-1753336351644-63aa66e695b9a-386f497b-49c23cd9","metadata":{"@type":"type.googleapis.com/google.cloud.functions.v2.OperationMetadata","createTime":"2025-07-24T05:52:32.818480432Z","target":"projects/test-login2-e4c7f/locations/us-central1/functions/sendGrievanceEmail","verb":"create","cancelRequested":false,"apiVersion":"v2","requestResource":{"@type":"type.googleapis.com/google.cloud.functions.v2.Function","name":"projects/test-login2-e4c7f/locations/us-central1/functions/sendGrievanceEmail","buildConfig":{"runtime":"nodejs22","entryPoint":"sendGrievanceEmail","source":{"storageSource":{"bucket":"gcf-v2-sources-698181575885-us-central1","object":"sendGrievanceEmail/function-source.zip","generation":"1753336352515641"}},"environmentVariables":{"GOOGLE_NODE_RUN_SCRIPTS":""},"serviceAccount":"projects/test-login2-e4c7f/serviceAccounts/698181575885-compute@developer.gserviceaccount.com","automaticUpdatePolicy":{}},"serviceConfig":{"service":"projects/test-login2-e4c7f/locations/us-central1/services/sendgrievanceemail","timeoutSeconds":60,"environmentVariables":{"FIREBASE_CONFIG":"{\"projectId\":\"test-login2-e4c7f\",\"databaseURL\":\"https://test-login2-e4c7f-default-rtdb.firebaseio.com\",\"storageBucket\":\"test-login2-e4c7f.firebasestorage.app\"}","GCLOUD_PROJECT":"test-login2-e4c7f","EVENTARC_CLOUD_EVENT_SOURCE":"projects/test-login2-e4c7f/locations/us-central1/services/sendGrievanceEmail","FUNCTION_TARGET":"sendGrievanceEmail","LOG_EXECUTION_ID":"true"},"maxInstanceCount":10,"ingressSettings":"ALLOW_ALL","serviceAccountEmail":"698181575885-compute@developer.gserviceaccount.com","availableMemory":"256Mi","maxInstanceRequestConcurrency":80,"availableCpu":"1"},"labels":{"deployment-tool":"cli-firebase","firebase-functions-hash":"1bd58ca848cbf36ce60c8ccca8149400a29552a8"},"environment":"GEN_2"},"stages":[{"name":"BUILD","message":"Build in progress","state":"IN_PROGRESS","resource":"projects/698181575885/locations/us-central1/builds/ef6f3a71-bfdb-4350-bc74-54a2e3d6480e","resourceUri":"https://console.cloud.google.com/cloud-build/builds;region=us-central1/ef6f3a71-bfdb-4350-bc74-54a2e3d6480e?project=698181575885"},{"name":"SERVICE","state":"NOT_STARTED"}],"operationType":"CREATE_FUNCTION","buildName":"projects/698181575885/locations/us-central1/builds/ef6f3a71-bfdb-4350-bc74-54a2e3d6480e"},"done":false}
[debug] [2025-07-24T05:53:29.594Z] [create-default-us-central1-sendGrievanceEmail] Retrying task index 0
[debug] [2025-07-24T05:53:29.595Z] Checked if tokens are valid: true, expires at: 1753339907591
[debug] [2025-07-24T05:53:29.595Z] Checked if tokens are valid: true, expires at: 1753339907591
[debug] [2025-07-24T05:53:29.595Z] >>> [apiv2][query] GET https://cloudfunctions.googleapis.com/v2/projects/test-login2-e4c7f/locations/us-central1/operations/operation-1753336351644-63aa66e695b9a-386f497b-49c23cd9 [none]
[debug] [2025-07-24T05:53:31.031Z] <<< [apiv2][status] GET https://cloudfunctions.googleapis.com/v2/projects/test-login2-e4c7f/locations/us-central1/operations/operation-1753336351644-63aa66e695b9a-386f497b-49c23cd9 200
[debug] [2025-07-24T05:53:31.031Z] <<< [apiv2][body] GET https://cloudfunctions.googleapis.com/v2/projects/test-login2-e4c7f/locations/us-central1/operations/operation-1753336351644-63aa66e695b9a-386f497b-49c23cd9 {"name":"projects/test-login2-e4c7f/locations/us-central1/operations/operation-1753336351644-63aa66e695b9a-386f497b-49c23cd9","metadata":{"@type":"type.googleapis.com/google.cloud.functions.v2.OperationMetadata","createTime":"2025-07-24T05:52:32.818480432Z","target":"projects/test-login2-e4c7f/locations/us-central1/functions/sendGrievanceEmail","verb":"create","cancelRequested":false,"apiVersion":"v2","requestResource":{"@type":"type.googleapis.com/google.cloud.functions.v2.Function","name":"projects/test-login2-e4c7f/locations/us-central1/functions/sendGrievanceEmail","buildConfig":{"runtime":"nodejs22","entryPoint":"sendGrievanceEmail","source":{"storageSource":{"bucket":"gcf-v2-sources-698181575885-us-central1","object":"sendGrievanceEmail/function-source.zip","generation":"1753336352515641"}},"environmentVariables":{"GOOGLE_NODE_RUN_SCRIPTS":""},"serviceAccount":"projects/test-login2-e4c7f/serviceAccounts/698181575885-compute@developer.gserviceaccount.com","automaticUpdatePolicy":{}},"serviceConfig":{"service":"projects/test-login2-e4c7f/locations/us-central1/services/sendgrievanceemail","timeoutSeconds":60,"environmentVariables":{"FIREBASE_CONFIG":"{\"projectId\":\"test-login2-e4c7f\",\"databaseURL\":\"https://test-login2-e4c7f-default-rtdb.firebaseio.com\",\"storageBucket\":\"test-login2-e4c7f.firebasestorage.app\"}","GCLOUD_PROJECT":"test-login2-e4c7f","EVENTARC_CLOUD_EVENT_SOURCE":"projects/test-login2-e4c7f/locations/us-central1/services/sendGrievanceEmail","FUNCTION_TARGET":"sendGrievanceEmail","LOG_EXECUTION_ID":"true"},"maxInstanceCount":10,"ingressSettings":"ALLOW_ALL","serviceAccountEmail":"698181575885-compute@developer.gserviceaccount.com","availableMemory":"256Mi","maxInstanceRequestConcurrency":80,"availableCpu":"1"},"labels":{"deployment-tool":"cli-firebase","firebase-functions-hash":"1bd58ca848cbf36ce60c8ccca8149400a29552a8"},"environment":"GEN_2"},"stages":[{"name":"BUILD","message":"Build in progress","state":"IN_PROGRESS","resource":"projects/698181575885/locations/us-central1/builds/ef6f3a71-bfdb-4350-bc74-54a2e3d6480e","resourceUri":"https://console.cloud.google.com/cloud-build/builds;region=us-central1/ef6f3a71-bfdb-4350-bc74-54a2e3d6480e?project=698181575885"},{"name":"SERVICE","state":"NOT_STARTED"}],"operationType":"CREATE_FUNCTION","buildName":"projects/698181575885/locations/us-central1/builds/ef6f3a71-bfdb-4350-bc74-54a2e3d6480e"},"done":false}
[debug] [2025-07-24T05:53:41.046Z] [create-default-us-central1-sendGrievanceEmail] Retrying task index 0
[debug] [2025-07-24T05:53:41.047Z] Checked if tokens are valid: true, expires at: 1753339907591
[debug] [2025-07-24T05:53:41.047Z] Checked if tokens are valid: true, expires at: 1753339907591
[debug] [2025-07-24T05:53:41.047Z] >>> [apiv2][query] GET https://cloudfunctions.googleapis.com/v2/projects/test-login2-e4c7f/locations/us-central1/operations/operation-1753336351644-63aa66e695b9a-386f497b-49c23cd9 [none]
[debug] [2025-07-24T05:53:43.156Z] <<< [apiv2][status] GET https://cloudfunctions.googleapis.com/v2/projects/test-login2-e4c7f/locations/us-central1/operations/operation-1753336351644-63aa66e695b9a-386f497b-49c23cd9 200
[debug] [2025-07-24T05:53:43.156Z] <<< [apiv2][body] GET https://cloudfunctions.googleapis.com/v2/projects/test-login2-e4c7f/locations/us-central1/operations/operation-1753336351644-63aa66e695b9a-386f497b-49c23cd9 {"name":"projects/test-login2-e4c7f/locations/us-central1/operations/operation-1753336351644-63aa66e695b9a-386f497b-49c23cd9","metadata":{"@type":"type.googleapis.com/google.cloud.functions.v2.OperationMetadata","createTime":"2025-07-24T05:52:32.818480432Z","target":"projects/test-login2-e4c7f/locations/us-central1/functions/sendGrievanceEmail","verb":"create","cancelRequested":false,"apiVersion":"v2","requestResource":{"@type":"type.googleapis.com/google.cloud.functions.v2.Function","name":"projects/test-login2-e4c7f/locations/us-central1/functions/sendGrievanceEmail","buildConfig":{"runtime":"nodejs22","entryPoint":"sendGrievanceEmail","source":{"storageSource":{"bucket":"gcf-v2-sources-698181575885-us-central1","object":"sendGrievanceEmail/function-source.zip","generation":"1753336352515641"}},"environmentVariables":{"GOOGLE_NODE_RUN_SCRIPTS":""},"serviceAccount":"projects/test-login2-e4c7f/serviceAccounts/698181575885-compute@developer.gserviceaccount.com","automaticUpdatePolicy":{}},"serviceConfig":{"service":"projects/test-login2-e4c7f/locations/us-central1/services/sendgrievanceemail","timeoutSeconds":60,"environmentVariables":{"FIREBASE_CONFIG":"{\"projectId\":\"test-login2-e4c7f\",\"databaseURL\":\"https://test-login2-e4c7f-default-rtdb.firebaseio.com\",\"storageBucket\":\"test-login2-e4c7f.firebasestorage.app\"}","GCLOUD_PROJECT":"test-login2-e4c7f","EVENTARC_CLOUD_EVENT_SOURCE":"projects/test-login2-e4c7f/locations/us-central1/services/sendGrievanceEmail","FUNCTION_TARGET":"sendGrievanceEmail","LOG_EXECUTION_ID":"true"},"maxInstanceCount":10,"ingressSettings":"ALLOW_ALL","serviceAccountEmail":"698181575885-compute@developer.gserviceaccount.com","availableMemory":"256Mi","maxInstanceRequestConcurrency":80,"availableCpu":"1"},"labels":{"deployment-tool":"cli-firebase","firebase-functions-hash":"1bd58ca848cbf36ce60c8ccca8149400a29552a8"},"environment":"GEN_2"},"stages":[{"name":"BUILD","message":"Build in progress","state":"IN_PROGRESS","resource":"projects/698181575885/locations/us-central1/builds/ef6f3a71-bfdb-4350-bc74-54a2e3d6480e","resourceUri":"https://console.cloud.google.com/cloud-build/builds;region=us-central1/ef6f3a71-bfdb-4350-bc74-54a2e3d6480e?project=698181575885"},{"name":"SERVICE","state":"NOT_STARTED"}],"operationType":"CREATE_FUNCTION","buildName":"projects/698181575885/locations/us-central1/builds/ef6f3a71-bfdb-4350-bc74-54a2e3d6480e"},"done":false}
[debug] [2025-07-24T05:53:53.162Z] [create-default-us-central1-sendGrievanceEmail] Retrying task index 0
[debug] [2025-07-24T05:53:53.163Z] Checked if tokens are valid: true, expires at: 1753339907591
[debug] [2025-07-24T05:53:53.163Z] Checked if tokens are valid: true, expires at: 1753339907591
[debug] [2025-07-24T05:53:53.163Z] >>> [apiv2][query] GET https://cloudfunctions.googleapis.com/v2/projects/test-login2-e4c7f/locations/us-central1/operations/operation-1753336351644-63aa66e695b9a-386f497b-49c23cd9 [none]
[debug] [2025-07-24T05:53:54.614Z] <<< [apiv2][status] GET https://cloudfunctions.googleapis.com/v2/projects/test-login2-e4c7f/locations/us-central1/operations/operation-1753336351644-63aa66e695b9a-386f497b-49c23cd9 200
[debug] [2025-07-24T05:53:54.615Z] <<< [apiv2][body] GET https://cloudfunctions.googleapis.com/v2/projects/test-login2-e4c7f/locations/us-central1/operations/operation-1753336351644-63aa66e695b9a-386f497b-49c23cd9 {"name":"projects/test-login2-e4c7f/locations/us-central1/operations/operation-1753336351644-63aa66e695b9a-386f497b-49c23cd9","metadata":{"@type":"type.googleapis.com/google.cloud.functions.v2.OperationMetadata","createTime":"2025-07-24T05:52:32.818480432Z","target":"projects/test-login2-e4c7f/locations/us-central1/functions/sendGrievanceEmail","verb":"create","cancelRequested":false,"apiVersion":"v2","requestResource":{"@type":"type.googleapis.com/google.cloud.functions.v2.Function","name":"projects/test-login2-e4c7f/locations/us-central1/functions/sendGrievanceEmail","buildConfig":{"runtime":"nodejs22","entryPoint":"sendGrievanceEmail","source":{"storageSource":{"bucket":"gcf-v2-sources-698181575885-us-central1","object":"sendGrievanceEmail/function-source.zip","generation":"1753336352515641"}},"environmentVariables":{"GOOGLE_NODE_RUN_SCRIPTS":""},"serviceAccount":"projects/test-login2-e4c7f/serviceAccounts/698181575885-compute@developer.gserviceaccount.com","automaticUpdatePolicy":{}},"serviceConfig":{"service":"projects/test-login2-e4c7f/locations/us-central1/services/sendgrievanceemail","timeoutSeconds":60,"environmentVariables":{"FIREBASE_CONFIG":"{\"projectId\":\"test-login2-e4c7f\",\"databaseURL\":\"https://test-login2-e4c7f-default-rtdb.firebaseio.com\",\"storageBucket\":\"test-login2-e4c7f.firebasestorage.app\"}","GCLOUD_PROJECT":"test-login2-e4c7f","EVENTARC_CLOUD_EVENT_SOURCE":"projects/test-login2-e4c7f/locations/us-central1/services/sendGrievanceEmail","FUNCTION_TARGET":"sendGrievanceEmail","LOG_EXECUTION_ID":"true"},"maxInstanceCount":10,"ingressSettings":"ALLOW_ALL","serviceAccountEmail":"698181575885-compute@developer.gserviceaccount.com","availableMemory":"256Mi","maxInstanceRequestConcurrency":80,"availableCpu":"1"},"labels":{"deployment-tool":"cli-firebase","firebase-functions-hash":"1bd58ca848cbf36ce60c8ccca8149400a29552a8"},"environment":"GEN_2"},"stages":[{"name":"BUILD","message":"Build finished","state":"COMPLETE","resource":"projects/698181575885/locations/us-central1/builds/ef6f3a71-bfdb-4350-bc74-54a2e3d6480e","resourceUri":"https://console.cloud.google.com/cloud-build/builds;region=us-central1/ef6f3a71-bfdb-4350-bc74-54a2e3d6480e?project=698181575885"},{"name":"SERVICE","message":"Creating Cloud Run service","state":"IN_PROGRESS","resource":"projects/test-login2-e4c7f/locations/us-central1/services/sendgrievanceemail","resourceUri":"https://console.cloud.google.com/run/detail/us-central1/sendgrievanceemail?project=test-login2-e4c7f"}],"sourceToken":"Cldwcm9qZWN0cy82OTgxODE1NzU4ODUvbG9jYXRpb25zL3VzLWNlbnRyYWwxL2J1aWxkcy9lZjZmM2E3MS1iZmRiLTQzNTAtYmM3NC01NGEyZTNkNjQ4MGUSfHVzLWNlbnRyYWwxLWRvY2tlci5wa2cuZGV2L3Rlc3QtbG9naW4yLWU0YzdmL2djZi1hcnRpZmFjdHMvdGVzdC0tbG9naW4yLS1lNGM3Zl9fdXMtLWNlbnRyYWwxX19zZW5kX2dyaWV2YW5jZV9lbWFpbDp2ZXJzaW9uXzEYzcn19qgUIk1wcm9qZWN0cy90ZXN0LWxvZ2luMi1lNGM3Zi9sb2NhdGlvbnMvdXMtY2VudHJhbDEvZnVuY3Rpb25zL3NlbmRHcmlldmFuY2VFbWFpbCoLCOiUh8QGEKCt0RsyCG5vZGVqczIyOnYKI2djci5pby9nYWUtcnVudGltZXMvbm9kZWpzMjI6c3RhYmxlEk91cy1jZW50cmFsMS1kb2NrZXIucGtnLmRldi9zZXJ2ZXJsZXNzLXJ1bnRpbWVzL2dvb2dsZS0yMi1mdWxsL3J1bnRpbWVzL25vZGVqczIyQAE=","operationType":"CREATE_FUNCTION","buildName":"projects/698181575885/locations/us-central1/builds/ef6f3a71-bfdb-4350-bc74-54a2e3d6480e"},"done":false}
[debug] [2025-07-24T05:53:54.615Z] Got source token Cldwcm9qZWN0cy82OTgxODE1NzU4ODUvbG9jYXRpb25zL3VzLWNlbnRyYWwxL2J1aWxkcy9lZjZmM2E3MS1iZmRiLTQzNTAtYmM3NC01NGEyZTNkNjQ4MGUSfHVzLWNlbnRyYWwxLWRvY2tlci5wa2cuZGV2L3Rlc3QtbG9naW4yLWU0YzdmL2djZi1hcnRpZmFjdHMvdGVzdC0tbG9naW4yLS1lNGM3Zl9fdXMtLWNlbnRyYWwxX19zZW5kX2dyaWV2YW5jZV9lbWFpbDp2ZXJzaW9uXzEYzcn19qgUIk1wcm9qZWN0cy90ZXN0LWxvZ2luMi1lNGM3Zi9sb2NhdGlvbnMvdXMtY2VudHJhbDEvZnVuY3Rpb25zL3NlbmRHcmlldmFuY2VFbWFpbCoLCOiUh8QGEKCt0RsyCG5vZGVqczIyOnYKI2djci5pby9nYWUtcnVudGltZXMvbm9kZWpzMjI6c3RhYmxlEk91cy1jZW50cmFsMS1kb2NrZXIucGtnLmRldi9zZXJ2ZXJsZXNzLXJ1bnRpbWVzL2dvb2dsZS0yMi1mdWxsL3J1bnRpbWVzL25vZGVqczIyQAE= for region us-central1
[debug] [2025-07-24T05:54:04.631Z] [create-default-us-central1-sendGrievanceEmail] Retrying task index 0
[debug] [2025-07-24T05:54:04.632Z] Checked if tokens are valid: true, expires at: 1753339907591
[debug] [2025-07-24T05:54:04.633Z] Checked if tokens are valid: true, expires at: 1753339907591
[debug] [2025-07-24T05:54:04.633Z] >>> [apiv2][query] GET https://cloudfunctions.googleapis.com/v2/projects/test-login2-e4c7f/locations/us-central1/operations/operation-1753336351644-63aa66e695b9a-386f497b-49c23cd9 [none]
[debug] [2025-07-24T05:54:06.364Z] <<< [apiv2][status] GET https://cloudfunctions.googleapis.com/v2/projects/test-login2-e4c7f/locations/us-central1/operations/operation-1753336351644-63aa66e695b9a-386f497b-49c23cd9 200
[debug] [2025-07-24T05:54:06.364Z] <<< [apiv2][body] GET https://cloudfunctions.googleapis.com/v2/projects/test-login2-e4c7f/locations/us-central1/operations/operation-1753336351644-63aa66e695b9a-386f497b-49c23cd9 {"name":"projects/test-login2-e4c7f/locations/us-central1/operations/operation-1753336351644-63aa66e695b9a-386f497b-49c23cd9","metadata":{"@type":"type.googleapis.com/google.cloud.functions.v2.OperationMetadata","createTime":"2025-07-24T05:52:32.818480432Z","target":"projects/test-login2-e4c7f/locations/us-central1/functions/sendGrievanceEmail","verb":"create","cancelRequested":false,"apiVersion":"v2","requestResource":{"@type":"type.googleapis.com/google.cloud.functions.v2.Function","name":"projects/test-login2-e4c7f/locations/us-central1/functions/sendGrievanceEmail","buildConfig":{"runtime":"nodejs22","entryPoint":"sendGrievanceEmail","source":{"storageSource":{"bucket":"gcf-v2-sources-698181575885-us-central1","object":"sendGrievanceEmail/function-source.zip","generation":"1753336352515641"}},"environmentVariables":{"GOOGLE_NODE_RUN_SCRIPTS":""},"serviceAccount":"projects/test-login2-e4c7f/serviceAccounts/698181575885-compute@developer.gserviceaccount.com","automaticUpdatePolicy":{}},"serviceConfig":{"service":"projects/test-login2-e4c7f/locations/us-central1/services/sendgrievanceemail","timeoutSeconds":60,"environmentVariables":{"FIREBASE_CONFIG":"{\"projectId\":\"test-login2-e4c7f\",\"databaseURL\":\"https://test-login2-e4c7f-default-rtdb.firebaseio.com\",\"storageBucket\":\"test-login2-e4c7f.firebasestorage.app\"}","GCLOUD_PROJECT":"test-login2-e4c7f","EVENTARC_CLOUD_EVENT_SOURCE":"projects/test-login2-e4c7f/locations/us-central1/services/sendGrievanceEmail","FUNCTION_TARGET":"sendGrievanceEmail","LOG_EXECUTION_ID":"true"},"maxInstanceCount":10,"ingressSettings":"ALLOW_ALL","serviceAccountEmail":"698181575885-compute@developer.gserviceaccount.com","availableMemory":"256Mi","maxInstanceRequestConcurrency":80,"availableCpu":"1"},"labels":{"deployment-tool":"cli-firebase","firebase-functions-hash":"1bd58ca848cbf36ce60c8ccca8149400a29552a8"},"environment":"GEN_2"},"stages":[{"name":"BUILD","message":"Build finished","state":"COMPLETE","resource":"projects/698181575885/locations/us-central1/builds/ef6f3a71-bfdb-4350-bc74-54a2e3d6480e","resourceUri":"https://console.cloud.google.com/cloud-build/builds;region=us-central1/ef6f3a71-bfdb-4350-bc74-54a2e3d6480e?project=698181575885"},{"name":"SERVICE","message":"Creating Cloud Run service","state":"IN_PROGRESS","resource":"projects/test-login2-e4c7f/locations/us-central1/services/sendgrievanceemail","resourceUri":"https://console.cloud.google.com/run/detail/us-central1/sendgrievanceemail?project=test-login2-e4c7f"}],"sourceToken":"Cldwcm9qZWN0cy82OTgxODE1NzU4ODUvbG9jYXRpb25zL3VzLWNlbnRyYWwxL2J1aWxkcy9lZjZmM2E3MS1iZmRiLTQzNTAtYmM3NC01NGEyZTNkNjQ4MGUSfHVzLWNlbnRyYWwxLWRvY2tlci5wa2cuZGV2L3Rlc3QtbG9naW4yLWU0YzdmL2djZi1hcnRpZmFjdHMvdGVzdC0tbG9naW4yLS1lNGM3Zl9fdXMtLWNlbnRyYWwxX19zZW5kX2dyaWV2YW5jZV9lbWFpbDp2ZXJzaW9uXzEYzcn19qgUIk1wcm9qZWN0cy90ZXN0LWxvZ2luMi1lNGM3Zi9sb2NhdGlvbnMvdXMtY2VudHJhbDEvZnVuY3Rpb25zL3NlbmRHcmlldmFuY2VFbWFpbCoLCOiUh8QGEKCt0RsyCG5vZGVqczIyOnYKI2djci5pby9nYWUtcnVudGltZXMvbm9kZWpzMjI6c3RhYmxlEk91cy1jZW50cmFsMS1kb2NrZXIucGtnLmRldi9zZXJ2ZXJsZXNzLXJ1bnRpbWVzL2dvb2dsZS0yMi1mdWxsL3J1bnRpbWVzL25vZGVqczIyQAE=","operationType":"CREATE_FUNCTION","buildName":"projects/698181575885/locations/us-central1/builds/ef6f3a71-bfdb-4350-bc74-54a2e3d6480e"},"done":false}
[debug] [2025-07-24T05:54:06.364Z] Got source token Cldwcm9qZWN0cy82OTgxODE1NzU4ODUvbG9jYXRpb25zL3VzLWNlbnRyYWwxL2J1aWxkcy9lZjZmM2E3MS1iZmRiLTQzNTAtYmM3NC01NGEyZTNkNjQ4MGUSfHVzLWNlbnRyYWwxLWRvY2tlci5wa2cuZGV2L3Rlc3QtbG9naW4yLWU0YzdmL2djZi1hcnRpZmFjdHMvdGVzdC0tbG9naW4yLS1lNGM3Zl9fdXMtLWNlbnRyYWwxX19zZW5kX2dyaWV2YW5jZV9lbWFpbDp2ZXJzaW9uXzEYzcn19qgUIk1wcm9qZWN0cy90ZXN0LWxvZ2luMi1lNGM3Zi9sb2NhdGlvbnMvdXMtY2VudHJhbDEvZnVuY3Rpb25zL3NlbmRHcmlldmFuY2VFbWFpbCoLCOiUh8QGEKCt0RsyCG5vZGVqczIyOnYKI2djci5pby9nYWUtcnVudGltZXMvbm9kZWpzMjI6c3RhYmxlEk91cy1jZW50cmFsMS1kb2NrZXIucGtnLmRldi9zZXJ2ZXJsZXNzLXJ1bnRpbWVzL2dvb2dsZS0yMi1mdWxsL3J1bnRpbWVzL25vZGVqczIyQAE= for region us-central1
[debug] [2025-07-24T05:54:16.368Z] [create-default-us-central1-sendGrievanceEmail] Retrying task index 0
[debug] [2025-07-24T05:54:16.368Z] Checked if tokens are valid: true, expires at: 1753339907591
[debug] [2025-07-24T05:54:16.369Z] Checked if tokens are valid: true, expires at: 1753339907591
[debug] [2025-07-24T05:54:16.369Z] >>> [apiv2][query] GET https://cloudfunctions.googleapis.com/v2/projects/test-login2-e4c7f/locations/us-central1/operations/operation-1753336351644-63aa66e695b9a-386f497b-49c23cd9 [none]
[debug] [2025-07-24T05:54:17.738Z] <<< [apiv2][status] GET https://cloudfunctions.googleapis.com/v2/projects/test-login2-e4c7f/locations/us-central1/operations/operation-1753336351644-63aa66e695b9a-386f497b-49c23cd9 200
[debug] [2025-07-24T05:54:17.738Z] <<< [apiv2][body] GET https://cloudfunctions.googleapis.com/v2/projects/test-login2-e4c7f/locations/us-central1/operations/operation-1753336351644-63aa66e695b9a-386f497b-49c23cd9 {"name":"projects/test-login2-e4c7f/locations/us-central1/operations/operation-1753336351644-63aa66e695b9a-386f497b-49c23cd9","metadata":{"@type":"type.googleapis.com/google.cloud.functions.v2.OperationMetadata","createTime":"2025-07-24T05:52:32.818480432Z","target":"projects/test-login2-e4c7f/locations/us-central1/functions/sendGrievanceEmail","verb":"create","cancelRequested":false,"apiVersion":"v2","requestResource":{"@type":"type.googleapis.com/google.cloud.functions.v2.Function","name":"projects/test-login2-e4c7f/locations/us-central1/functions/sendGrievanceEmail","buildConfig":{"runtime":"nodejs22","entryPoint":"sendGrievanceEmail","source":{"storageSource":{"bucket":"gcf-v2-sources-698181575885-us-central1","object":"sendGrievanceEmail/function-source.zip","generation":"1753336352515641"}},"environmentVariables":{"GOOGLE_NODE_RUN_SCRIPTS":""},"serviceAccount":"projects/test-login2-e4c7f/serviceAccounts/698181575885-compute@developer.gserviceaccount.com","automaticUpdatePolicy":{}},"serviceConfig":{"service":"projects/test-login2-e4c7f/locations/us-central1/services/sendgrievanceemail","timeoutSeconds":60,"environmentVariables":{"FIREBASE_CONFIG":"{\"projectId\":\"test-login2-e4c7f\",\"databaseURL\":\"https://test-login2-e4c7f-default-rtdb.firebaseio.com\",\"storageBucket\":\"test-login2-e4c7f.firebasestorage.app\"}","GCLOUD_PROJECT":"test-login2-e4c7f","EVENTARC_CLOUD_EVENT_SOURCE":"projects/test-login2-e4c7f/locations/us-central1/services/sendGrievanceEmail","FUNCTION_TARGET":"sendGrievanceEmail","LOG_EXECUTION_ID":"true"},"maxInstanceCount":10,"ingressSettings":"ALLOW_ALL","serviceAccountEmail":"698181575885-compute@developer.gserviceaccount.com","availableMemory":"256Mi","maxInstanceRequestConcurrency":80,"availableCpu":"1"},"labels":{"deployment-tool":"cli-firebase","firebase-functions-hash":"1bd58ca848cbf36ce60c8ccca8149400a29552a8"},"environment":"GEN_2"},"stages":[{"name":"BUILD","message":"Build finished","state":"COMPLETE","resource":"projects/698181575885/locations/us-central1/builds/ef6f3a71-bfdb-4350-bc74-54a2e3d6480e","resourceUri":"https://console.cloud.google.com/cloud-build/builds;region=us-central1/ef6f3a71-bfdb-4350-bc74-54a2e3d6480e?project=698181575885"},{"name":"SERVICE","message":"Creating Cloud Run service","state":"IN_PROGRESS","resource":"projects/test-login2-e4c7f/locations/us-central1/services/sendgrievanceemail","resourceUri":"https://console.cloud.google.com/run/detail/us-central1/sendgrievanceemail?project=test-login2-e4c7f"}],"sourceToken":"Cldwcm9qZWN0cy82OTgxODE1NzU4ODUvbG9jYXRpb25zL3VzLWNlbnRyYWwxL2J1aWxkcy9lZjZmM2E3MS1iZmRiLTQzNTAtYmM3NC01NGEyZTNkNjQ4MGUSfHVzLWNlbnRyYWwxLWRvY2tlci5wa2cuZGV2L3Rlc3QtbG9naW4yLWU0YzdmL2djZi1hcnRpZmFjdHMvdGVzdC0tbG9naW4yLS1lNGM3Zl9fdXMtLWNlbnRyYWwxX19zZW5kX2dyaWV2YW5jZV9lbWFpbDp2ZXJzaW9uXzEYzcn19qgUIk1wcm9qZWN0cy90ZXN0LWxvZ2luMi1lNGM3Zi9sb2NhdGlvbnMvdXMtY2VudHJhbDEvZnVuY3Rpb25zL3NlbmRHcmlldmFuY2VFbWFpbCoLCOiUh8QGEKCt0RsyCG5vZGVqczIyOnYKI2djci5pby9nYWUtcnVudGltZXMvbm9kZWpzMjI6c3RhYmxlEk91cy1jZW50cmFsMS1kb2NrZXIucGtnLmRldi9zZXJ2ZXJsZXNzLXJ1bnRpbWVzL2dvb2dsZS0yMi1mdWxsL3J1bnRpbWVzL25vZGVqczIyQAE=","operationType":"CREATE_FUNCTION","buildName":"projects/698181575885/locations/us-central1/builds/ef6f3a71-bfdb-4350-bc74-54a2e3d6480e"},"done":false}
[debug] [2025-07-24T05:54:17.738Z] Got source token Cldwcm9qZWN0cy82OTgxODE1NzU4ODUvbG9jYXRpb25zL3VzLWNlbnRyYWwxL2J1aWxkcy9lZjZmM2E3MS1iZmRiLTQzNTAtYmM3NC01NGEyZTNkNjQ4MGUSfHVzLWNlbnRyYWwxLWRvY2tlci5wa2cuZGV2L3Rlc3QtbG9naW4yLWU0YzdmL2djZi1hcnRpZmFjdHMvdGVzdC0tbG9naW4yLS1lNGM3Zl9fdXMtLWNlbnRyYWwxX19zZW5kX2dyaWV2YW5jZV9lbWFpbDp2ZXJzaW9uXzEYzcn19qgUIk1wcm9qZWN0cy90ZXN0LWxvZ2luMi1lNGM3Zi9sb2NhdGlvbnMvdXMtY2VudHJhbDEvZnVuY3Rpb25zL3NlbmRHcmlldmFuY2VFbWFpbCoLCOiUh8QGEKCt0RsyCG5vZGVqczIyOnYKI2djci5pby9nYWUtcnVudGltZXMvbm9kZWpzMjI6c3RhYmxlEk91cy1jZW50cmFsMS1kb2NrZXIucGtnLmRldi9zZXJ2ZXJsZXNzLXJ1bnRpbWVzL2dvb2dsZS0yMi1mdWxsL3J1bnRpbWVzL25vZGVqczIyQAE= for region us-central1
[debug] [2025-07-24T05:54:27.747Z] [create-default-us-central1-sendGrievanceEmail] Retrying task index 0
[debug] [2025-07-24T05:54:27.747Z] Checked if tokens are valid: true, expires at: 1753339907591
[debug] [2025-07-24T05:54:27.747Z] Checked if tokens are valid: true, expires at: 1753339907591
[debug] [2025-07-24T05:54:27.747Z] >>> [apiv2][query] GET https://cloudfunctions.googleapis.com/v2/projects/test-login2-e4c7f/locations/us-central1/operations/operation-1753336351644-63aa66e695b9a-386f497b-49c23cd9 [none]
[debug] [2025-07-24T05:54:29.181Z] <<< [apiv2][status] GET https://cloudfunctions.googleapis.com/v2/projects/test-login2-e4c7f/locations/us-central1/operations/operation-1753336351644-63aa66e695b9a-386f497b-49c23cd9 200
[debug] [2025-07-24T05:54:29.181Z] <<< [apiv2][body] GET https://cloudfunctions.googleapis.com/v2/projects/test-login2-e4c7f/locations/us-central1/operations/operation-1753336351644-63aa66e695b9a-386f497b-49c23cd9 {"name":"projects/test-login2-e4c7f/locations/us-central1/operations/operation-1753336351644-63aa66e695b9a-386f497b-49c23cd9","metadata":{"@type":"type.googleapis.com/google.cloud.functions.v2.OperationMetadata","createTime":"2025-07-24T05:52:32.818480432Z","target":"projects/test-login2-e4c7f/locations/us-central1/functions/sendGrievanceEmail","verb":"create","cancelRequested":false,"apiVersion":"v2","requestResource":{"@type":"type.googleapis.com/google.cloud.functions.v2.Function","name":"projects/test-login2-e4c7f/locations/us-central1/functions/sendGrievanceEmail","buildConfig":{"runtime":"nodejs22","entryPoint":"sendGrievanceEmail","source":{"storageSource":{"bucket":"gcf-v2-sources-698181575885-us-central1","object":"sendGrievanceEmail/function-source.zip","generation":"1753336352515641"}},"environmentVariables":{"GOOGLE_NODE_RUN_SCRIPTS":""},"serviceAccount":"projects/test-login2-e4c7f/serviceAccounts/698181575885-compute@developer.gserviceaccount.com","automaticUpdatePolicy":{}},"serviceConfig":{"service":"projects/test-login2-e4c7f/locations/us-central1/services/sendgrievanceemail","timeoutSeconds":60,"environmentVariables":{"FIREBASE_CONFIG":"{\"projectId\":\"test-login2-e4c7f\",\"databaseURL\":\"https://test-login2-e4c7f-default-rtdb.firebaseio.com\",\"storageBucket\":\"test-login2-e4c7f.firebasestorage.app\"}","GCLOUD_PROJECT":"test-login2-e4c7f","EVENTARC_CLOUD_EVENT_SOURCE":"projects/test-login2-e4c7f/locations/us-central1/services/sendGrievanceEmail","FUNCTION_TARGET":"sendGrievanceEmail","LOG_EXECUTION_ID":"true"},"maxInstanceCount":10,"ingressSettings":"ALLOW_ALL","serviceAccountEmail":"698181575885-compute@developer.gserviceaccount.com","availableMemory":"256Mi","maxInstanceRequestConcurrency":80,"availableCpu":"1"},"labels":{"deployment-tool":"cli-firebase","firebase-functions-hash":"1bd58ca848cbf36ce60c8ccca8149400a29552a8"},"environment":"GEN_2"},"stages":[{"name":"ARTIFACT_REGISTRY","state":"NOT_STARTED"},{"name":"SERVICE","message":"Deleting Cloud Run service","state":"IN_PROGRESS","resource":"projects/test-login2-e4c7f/locations/us-central1/services/sendgrievanceemail"}],"operationType":"CREATE_FUNCTION"},"done":false}
[debug] [2025-07-24T05:54:39.187Z] [create-default-us-central1-sendGrievanceEmail] Retrying task index 0
[debug] [2025-07-24T05:54:39.187Z] Checked if tokens are valid: true, expires at: 1753339907591
[debug] [2025-07-24T05:54:39.188Z] Checked if tokens are valid: true, expires at: 1753339907591
[debug] [2025-07-24T05:54:39.188Z] >>> [apiv2][query] GET https://cloudfunctions.googleapis.com/v2/projects/test-login2-e4c7f/locations/us-central1/operations/operation-1753336351644-63aa66e695b9a-386f497b-49c23cd9 [none]
[debug] [2025-07-24T05:54:40.547Z] <<< [apiv2][status] GET https://cloudfunctions.googleapis.com/v2/projects/test-login2-e4c7f/locations/us-central1/operations/operation-1753336351644-63aa66e695b9a-386f497b-49c23cd9 200
[debug] [2025-07-24T05:54:40.547Z] <<< [apiv2][body] GET https://cloudfunctions.googleapis.com/v2/projects/test-login2-e4c7f/locations/us-central1/operations/operation-1753336351644-63aa66e695b9a-386f497b-49c23cd9 {"name":"projects/test-login2-e4c7f/locations/us-central1/operations/operation-1753336351644-63aa66e695b9a-386f497b-49c23cd9","metadata":{"@type":"type.googleapis.com/google.cloud.functions.v2.OperationMetadata","createTime":"2025-07-24T05:52:32.818480432Z","endTime":"2025-07-24T05:54:30.430558399Z","target":"projects/test-login2-e4c7f/locations/us-central1/functions/sendGrievanceEmail","verb":"create","cancelRequested":false,"apiVersion":"v2","requestResource":{"@type":"type.googleapis.com/google.cloud.functions.v2.Function","name":"projects/test-login2-e4c7f/locations/us-central1/functions/sendGrievanceEmail","buildConfig":{"runtime":"nodejs22","entryPoint":"sendGrievanceEmail","source":{"storageSource":{"bucket":"gcf-v2-sources-698181575885-us-central1","object":"sendGrievanceEmail/function-source.zip","generation":"1753336352515641"}},"environmentVariables":{"GOOGLE_NODE_RUN_SCRIPTS":""},"serviceAccount":"projects/test-login2-e4c7f/serviceAccounts/698181575885-compute@developer.gserviceaccount.com","automaticUpdatePolicy":{}},"serviceConfig":{"service":"projects/test-login2-e4c7f/locations/us-central1/services/sendgrievanceemail","timeoutSeconds":60,"environmentVariables":{"FIREBASE_CONFIG":"{\"projectId\":\"test-login2-e4c7f\",\"databaseURL\":\"https://test-login2-e4c7f-default-rtdb.firebaseio.com\",\"storageBucket\":\"test-login2-e4c7f.firebasestorage.app\"}","GCLOUD_PROJECT":"test-login2-e4c7f","EVENTARC_CLOUD_EVENT_SOURCE":"projects/test-login2-e4c7f/locations/us-central1/services/sendGrievanceEmail","FUNCTION_TARGET":"sendGrievanceEmail","LOG_EXECUTION_ID":"true"},"maxInstanceCount":10,"ingressSettings":"ALLOW_ALL","serviceAccountEmail":"698181575885-compute@developer.gserviceaccount.com","availableMemory":"256Mi","maxInstanceRequestConcurrency":80,"availableCpu":"1"},"labels":{"deployment-tool":"cli-firebase","firebase-functions-hash":"1bd58ca848cbf36ce60c8ccca8149400a29552a8"},"environment":"GEN_2"},"stages":[{"name":"ARTIFACT_REGISTRY","message":"Deleting function artifacts in Artifact Registry","state":"COMPLETE"},{"name":"SERVICE","message":"Deleting Cloud Run service","state":"COMPLETE","resource":"projects/test-login2-e4c7f/locations/us-central1/services/sendgrievanceemail"}],"operationType":"CREATE_FUNCTION"},"done":true,"error":{"code":3,"message":"Could not create or update Cloud Run service sendgrievanceemail, Container Healthcheck failed. Revision 'sendgrievanceemail-00001-vaq' is not ready and cannot serve traffic. The user-provided container failed to start and listen on the port defined provided by the PORT=8080 environment variable within the allocated timeout. This can happen when the container port is misconfigured or if the timeout is too short. The health check timeout can be extended. Logs for this revision might contain more information.\n\nLogs URL: https://console.cloud.google.com/logs/viewer?project=test-login2-e4c7f&resource=cloud_run_revision/service_name/sendgrievanceemail/revision_name/sendgrievanceemail-00001-vaq&advancedFilter=resource.type%3D%22cloud_run_revision%22%0Aresource.labels.service_name%3D%22sendgrievanceemail%22%0Aresource.labels.revision_name%3D%22sendgrievanceemail-00001-vaq%22 \nFor more troubleshooting guidance, see https://cloud.google.com/run/docs/troubleshooting#container-failed-to-start"}}
[debug] [2025-07-24T05:54:40.547Z] Got source token undefined for region us-central1
[error] Could not create or update Cloud Run service sendgrievanceemail, Container Healthcheck failed. Revision 'sendgrievanceemail-00001-vaq' is not ready and cannot serve traffic. The user-provided container failed to start and listen on the port defined provided by the PORT=8080 environment variable within the allocated timeout. This can happen when the container port is misconfigured or if the timeout is too short. The health check timeout can be extended. Logs for this revision might contain more information.

Logs URL: https://console.cloud.google.com/logs/viewer?project=test-login2-e4c7f&resource=cloud_run_revision/service_name/sendgrievanceemail/revision_name/sendgrievanceemail-00001-vaq&advancedFilter=resource.type%3D%22cloud_run_revision%22%0Aresource.labels.service_name%3D%22sendgrievanceemail%22%0Aresource.labels.revision_name%3D%22sendgrievanceemail-00001-vaq%22 
For more troubleshooting guidance, see https://cloud.google.com/run/docs/troubleshooting#container-failed-to-start
[debug] [2025-07-24T05:54:40.550Z] Total Function Deployment time: 130114
[debug] [2025-07-24T05:54:40.551Z] 1 Functions Deployed
[debug] [2025-07-24T05:54:40.551Z] 1 Functions Errored
[debug] [2025-07-24T05:54:40.551Z] 0 Function Deployments Aborted
[debug] [2025-07-24T05:54:40.551Z] Average Function Deployment time: 130113
[info] 
[info] Functions deploy had errors with the following functions:
	sendGrievanceEmail(us-central1)
[debug] [2025-07-24T05:54:40.552Z] Not printing URL for HTTPS function. Typically this means it didn't match a filter or we failed deployment
[debug] [2025-07-24T05:54:40.553Z] Checked if tokens are valid: true, expires at: 1753339907591
[debug] [2025-07-24T05:54:40.553Z] Checked if tokens are valid: true, expires at: 1753339907591
[debug] [2025-07-24T05:54:40.553Z] >>> [apiv2][query] GET https://artifactregistry.googleapis.com/v1/projects/test-login2-e4c7f/locations/us-central1/repositories/gcf-artifacts [none]
[debug] [2025-07-24T05:54:42.253Z] <<< [apiv2][status] GET https://artifactregistry.googleapis.com/v1/projects/test-login2-e4c7f/locations/us-central1/repositories/gcf-artifacts 200
[debug] [2025-07-24T05:54:42.253Z] <<< [apiv2][body] GET https://artifactregistry.googleapis.com/v1/projects/test-login2-e4c7f/locations/us-central1/repositories/gcf-artifacts {"name":"projects/test-login2-e4c7f/locations/us-central1/repositories/gcf-artifacts","format":"DOCKER","description":"This repository is created and used by Cloud Functions for storing function docker images.","labels":{"goog-managed-by":"cloudfunctions"},"createTime":"2025-07-24T05:52:47.809918Z","updateTime":"2025-07-24T05:54:30.274992Z","mode":"STANDARD_REPOSITORY","sizeBytes":"95800787","vulnerabilityScanningConfig":{"lastEnableTime":"2025-07-24T05:52:33.030043695Z","enablementState":"SCANNING_DISABLED","enablementStateReason":"API containerscanning.googleapis.com is not enabled."},"satisfiesPzi":true,"registryUri":"us-central1-docker.pkg.dev/test-login2-e4c7f/gcf-artifacts"}
[warn] !  functions: No cleanup policy detected for repositories in us-central1. This may result in a small monthly bill as container images accumulate over time. 
